<?xml version="1.0" encoding="ISO-8859-1" ?>
<link_info>
   <banner>TI ARM Linker PC v20.2.7.LTS</banner>
   <copyright>Copyright (c) 1996-2018 Texas Instruments Incorporated</copyright>
   <link_time>0x65d3cfa7</link_time>
   <link_errors>0x0</link_errors>
   <output_file>Motor_Driver.out</output_file>
   <entry_point>
      <name>_c_int00_noargs</name>
      <address>0x3205</address>
   </entry_point>
   <input_file_list>
      <input_file id="fl-2">
         <path>.\</path>
         <kind>object</kind>
         <file>main.obj</file>
         <name>main.obj</name>
      </input_file>
      <input_file id="fl-3">
         <path>.\</path>
         <kind>object</kind>
         <file>startup_msp432p401r_ccs.obj</file>
         <name>startup_msp432p401r_ccs.obj</name>
      </input_file>
      <input_file id="fl-4">
         <path>.\</path>
         <kind>object</kind>
         <file>system_msp432p401r.obj</file>
         <name>system_msp432p401r.obj</name>
      </input_file>
      <input_file id="fl-a">
         <kind>object</kind>
         <file>&lt;internal&gt;</file>
         <name>&lt;internal&gt;</name>
      </input_file>
      <input_file id="fl-c0">
         <path>D:\ccs\tools\compiler\ti-cgt-arm_20.2.7.LTS\lib\</path>
         <kind>archive</kind>
         <file>rtsv7M4_T_le_v4SPD16_eabi.lib</file>
         <name>printf.c.obj</name>
      </input_file>
      <input_file id="fl-c1">
         <path>D:\ccs\tools\compiler\ti-cgt-arm_20.2.7.LTS\lib\</path>
         <kind>archive</kind>
         <file>rtsv7M4_T_le_v4SPD16_eabi.lib</file>
         <name>_printfi.c.obj</name>
      </input_file>
      <input_file id="fl-c2">
         <path>D:\ccs\tools\compiler\ti-cgt-arm_20.2.7.LTS\lib\</path>
         <kind>archive</kind>
         <file>rtsv7M4_T_le_v4SPD16_eabi.lib</file>
         <name>fputc.c.obj</name>
      </input_file>
      <input_file id="fl-c3">
         <path>D:\ccs\tools\compiler\ti-cgt-arm_20.2.7.LTS\lib\</path>
         <kind>archive</kind>
         <file>rtsv7M4_T_le_v4SPD16_eabi.lib</file>
         <name>fputs.c.obj</name>
      </input_file>
      <input_file id="fl-c4">
         <path>D:\ccs\tools\compiler\ti-cgt-arm_20.2.7.LTS\lib\</path>
         <kind>archive</kind>
         <file>rtsv7M4_T_le_v4SPD16_eabi.lib</file>
         <name>_io_perm.c.obj</name>
      </input_file>
      <input_file id="fl-c5">
         <path>D:\ccs\tools\compiler\ti-cgt-arm_20.2.7.LTS\lib\</path>
         <kind>archive</kind>
         <file>rtsv7M4_T_le_v4SPD16_eabi.lib</file>
         <name>setvbuf.c.obj</name>
      </input_file>
      <input_file id="fl-c6">
         <path>D:\ccs\tools\compiler\ti-cgt-arm_20.2.7.LTS\lib\</path>
         <kind>archive</kind>
         <file>rtsv7M4_T_le_v4SPD16_eabi.lib</file>
         <name>fd_add_t2.asm.obj</name>
      </input_file>
      <input_file id="fl-c7">
         <path>D:\ccs\tools\compiler\ti-cgt-arm_20.2.7.LTS\lib\</path>
         <kind>archive</kind>
         <file>rtsv7M4_T_le_v4SPD16_eabi.lib</file>
         <name>fd_cmp_t2.asm.obj</name>
      </input_file>
      <input_file id="fl-c8">
         <path>D:\ccs\tools\compiler\ti-cgt-arm_20.2.7.LTS\lib\</path>
         <kind>archive</kind>
         <file>rtsv7M4_T_le_v4SPD16_eabi.lib</file>
         <name>fd_div_t2.asm.obj</name>
      </input_file>
      <input_file id="fl-c9">
         <path>D:\ccs\tools\compiler\ti-cgt-arm_20.2.7.LTS\lib\</path>
         <kind>archive</kind>
         <file>rtsv7M4_T_le_v4SPD16_eabi.lib</file>
         <name>fd_mul_t2.asm.obj</name>
      </input_file>
      <input_file id="fl-ca">
         <path>D:\ccs\tools\compiler\ti-cgt-arm_20.2.7.LTS\lib\</path>
         <kind>archive</kind>
         <file>rtsv7M4_T_le_v4SPD16_eabi.lib</file>
         <name>fd_toi_t2.asm.obj</name>
      </input_file>
      <input_file id="fl-cb">
         <path>D:\ccs\tools\compiler\ti-cgt-arm_20.2.7.LTS\lib\</path>
         <kind>archive</kind>
         <file>rtsv7M4_T_le_v4SPD16_eabi.lib</file>
         <name>i_tofd_t2.asm.obj</name>
      </input_file>
      <input_file id="fl-cc">
         <path>D:\ccs\tools\compiler\ti-cgt-arm_20.2.7.LTS\lib\</path>
         <kind>archive</kind>
         <file>rtsv7M4_T_le_v4SPD16_eabi.lib</file>
         <name>memcpy_t2.asm.obj</name>
      </input_file>
      <input_file id="fl-cd">
         <path>D:\ccs\tools\compiler\ti-cgt-arm_20.2.7.LTS\lib\</path>
         <kind>archive</kind>
         <file>rtsv7M4_T_le_v4SPD16_eabi.lib</file>
         <name>memset_t2.asm.obj</name>
      </input_file>
      <input_file id="fl-ce">
         <path>D:\ccs\tools\compiler\ti-cgt-arm_20.2.7.LTS\lib\</path>
         <kind>archive</kind>
         <file>rtsv7M4_T_le_v4SPD16_eabi.lib</file>
         <name>ull_div_t2.asm.obj</name>
      </input_file>
      <input_file id="fl-cf">
         <path>D:\ccs\tools\compiler\ti-cgt-arm_20.2.7.LTS\lib\</path>
         <kind>archive</kind>
         <file>rtsv7M4_T_le_v4SPD16_eabi.lib</file>
         <name>copy_zero_init.c.obj</name>
      </input_file>
      <input_file id="fl-d0">
         <path>D:\ccs\tools\compiler\ti-cgt-arm_20.2.7.LTS\lib\</path>
         <kind>archive</kind>
         <file>rtsv7M4_T_le_v4SPD16_eabi.lib</file>
         <name>copy_decompress_none.c.obj</name>
      </input_file>
      <input_file id="fl-d1">
         <path>D:\ccs\tools\compiler\ti-cgt-arm_20.2.7.LTS\lib\</path>
         <kind>archive</kind>
         <file>rtsv7M4_T_le_v4SPD16_eabi.lib</file>
         <name>copy_decompress_lzss.c.obj</name>
      </input_file>
      <input_file id="fl-d2">
         <path>D:\ccs\tools\compiler\ti-cgt-arm_20.2.7.LTS\lib\</path>
         <kind>archive</kind>
         <file>rtsv7M4_T_le_v4SPD16_eabi.lib</file>
         <name>exit.c.obj</name>
      </input_file>
      <input_file id="fl-d3">
         <path>D:\ccs\tools\compiler\ti-cgt-arm_20.2.7.LTS\lib\</path>
         <kind>archive</kind>
         <file>rtsv7M4_T_le_v4SPD16_eabi.lib</file>
         <name>_lock.c.obj</name>
      </input_file>
      <input_file id="fl-d4">
         <path>D:\ccs\tools\compiler\ti-cgt-arm_20.2.7.LTS\lib\</path>
         <kind>archive</kind>
         <file>rtsv7M4_T_le_v4SPD16_eabi.lib</file>
         <name>_ltoa.c.obj</name>
      </input_file>
      <input_file id="fl-d5">
         <path>D:\ccs\tools\compiler\ti-cgt-arm_20.2.7.LTS\lib\</path>
         <kind>archive</kind>
         <file>rtsv7M4_T_le_v4SPD16_eabi.lib</file>
         <name>atoi.c.obj</name>
      </input_file>
      <input_file id="fl-d6">
         <path>D:\ccs\tools\compiler\ti-cgt-arm_20.2.7.LTS\lib\</path>
         <kind>archive</kind>
         <file>rtsv7M4_T_le_v4SPD16_eabi.lib</file>
         <name>ctype.c.obj</name>
      </input_file>
      <input_file id="fl-d7">
         <path>D:\ccs\tools\compiler\ti-cgt-arm_20.2.7.LTS\lib\</path>
         <kind>archive</kind>
         <file>rtsv7M4_T_le_v4SPD16_eabi.lib</file>
         <name>defs.c.obj</name>
      </input_file>
      <input_file id="fl-d8">
         <path>D:\ccs\tools\compiler\ti-cgt-arm_20.2.7.LTS\lib\</path>
         <kind>archive</kind>
         <file>rtsv7M4_T_le_v4SPD16_eabi.lib</file>
         <name>memccpy.c.obj</name>
      </input_file>
      <input_file id="fl-d9">
         <path>D:\ccs\tools\compiler\ti-cgt-arm_20.2.7.LTS\lib\</path>
         <kind>archive</kind>
         <file>rtsv7M4_T_le_v4SPD16_eabi.lib</file>
         <name>memchr.c.obj</name>
      </input_file>
      <input_file id="fl-da">
         <path>D:\ccs\tools\compiler\ti-cgt-arm_20.2.7.LTS\lib\</path>
         <kind>archive</kind>
         <file>rtsv7M4_T_le_v4SPD16_eabi.lib</file>
         <name>memory.c.obj</name>
      </input_file>
      <input_file id="fl-db">
         <path>D:\ccs\tools\compiler\ti-cgt-arm_20.2.7.LTS\lib\</path>
         <kind>archive</kind>
         <file>rtsv7M4_T_le_v4SPD16_eabi.lib</file>
         <name>strchr.c.obj</name>
      </input_file>
      <input_file id="fl-dc">
         <path>D:\ccs\tools\compiler\ti-cgt-arm_20.2.7.LTS\lib\</path>
         <kind>archive</kind>
         <file>rtsv7M4_T_le_v4SPD16_eabi.lib</file>
         <name>strlen.c.obj</name>
      </input_file>
      <input_file id="fl-dd">
         <path>D:\ccs\tools\compiler\ti-cgt-arm_20.2.7.LTS\lib\</path>
         <kind>archive</kind>
         <file>rtsv7M4_T_le_v4SPD16_eabi.lib</file>
         <name>boot_cortex_m.c.obj</name>
      </input_file>
      <input_file id="fl-de">
         <path>D:\ccs\tools\compiler\ti-cgt-arm_20.2.7.LTS\lib\</path>
         <kind>archive</kind>
         <file>rtsv7M4_T_le_v4SPD16_eabi.lib</file>
         <name>write.c.obj</name>
      </input_file>
      <input_file id="fl-df">
         <path>D:\ccs\tools\compiler\ti-cgt-arm_20.2.7.LTS\lib\</path>
         <kind>archive</kind>
         <file>rtsv7M4_T_le_v4SPD16_eabi.lib</file>
         <name>host_device.c.obj</name>
      </input_file>
      <input_file id="fl-e0">
         <path>D:\ccs\tools\compiler\ti-cgt-arm_20.2.7.LTS\lib\</path>
         <kind>archive</kind>
         <file>rtsv7M4_T_le_v4SPD16_eabi.lib</file>
         <name>errno.c.obj</name>
      </input_file>
      <input_file id="fl-e1">
         <path>D:\ccs\tools\compiler\ti-cgt-arm_20.2.7.LTS\lib\</path>
         <kind>archive</kind>
         <file>rtsv7M4_T_le_v4SPD16_eabi.lib</file>
         <name>wcslen.c.obj</name>
      </input_file>
      <input_file id="fl-e2">
         <path>D:\ccs\tools\compiler\ti-cgt-arm_20.2.7.LTS\lib\</path>
         <kind>archive</kind>
         <file>rtsv7M4_T_le_v4SPD16_eabi.lib</file>
         <name>s_frexp.c.obj</name>
      </input_file>
      <input_file id="fl-e3">
         <path>D:\ccs\tools\compiler\ti-cgt-arm_20.2.7.LTS\lib\</path>
         <kind>archive</kind>
         <file>rtsv7M4_T_le_v4SPD16_eabi.lib</file>
         <name>s_scalbn.c.obj</name>
      </input_file>
      <input_file id="fl-e4">
         <path>D:\ccs\tools\compiler\ti-cgt-arm_20.2.7.LTS\lib\</path>
         <kind>archive</kind>
         <file>rtsv7M4_T_le_v4SPD16_eabi.lib</file>
         <name>fflush.c.obj</name>
      </input_file>
      <input_file id="fl-e5">
         <path>D:\ccs\tools\compiler\ti-cgt-arm_20.2.7.LTS\lib\</path>
         <kind>archive</kind>
         <file>rtsv7M4_T_le_v4SPD16_eabi.lib</file>
         <name>fopen.c.obj</name>
      </input_file>
      <input_file id="fl-e6">
         <path>D:\ccs\tools\compiler\ti-cgt-arm_20.2.7.LTS\lib\</path>
         <kind>archive</kind>
         <file>rtsv7M4_T_le_v4SPD16_eabi.lib</file>
         <name>fseek.c.obj</name>
      </input_file>
      <input_file id="fl-e7">
         <path>D:\ccs\tools\compiler\ti-cgt-arm_20.2.7.LTS\lib\</path>
         <kind>archive</kind>
         <file>rtsv7M4_T_le_v4SPD16_eabi.lib</file>
         <name>div0.asm.obj</name>
      </input_file>
      <input_file id="fl-e8">
         <path>D:\ccs\tools\compiler\ti-cgt-arm_20.2.7.LTS\lib\</path>
         <kind>archive</kind>
         <file>rtsv7M4_T_le_v4SPD16_eabi.lib</file>
         <name>autoinit.c.obj</name>
      </input_file>
      <input_file id="fl-e9">
         <path>D:\ccs\tools\compiler\ti-cgt-arm_20.2.7.LTS\lib\</path>
         <kind>archive</kind>
         <file>rtsv7M4_T_le_v4SPD16_eabi.lib</file>
         <name>pre_init.c.obj</name>
      </input_file>
      <input_file id="fl-ea">
         <path>D:\ccs\tools\compiler\ti-cgt-arm_20.2.7.LTS\lib\</path>
         <kind>archive</kind>
         <file>rtsv7M4_T_le_v4SPD16_eabi.lib</file>
         <name>cpy_tbl.c.obj</name>
      </input_file>
      <input_file id="fl-eb">
         <path>D:\ccs\tools\compiler\ti-cgt-arm_20.2.7.LTS\lib\</path>
         <kind>archive</kind>
         <file>rtsv7M4_T_le_v4SPD16_eabi.lib</file>
         <name>args_main.c.obj</name>
      </input_file>
      <input_file id="fl-ec">
         <path>D:\ccs\tools\compiler\ti-cgt-arm_20.2.7.LTS\lib\</path>
         <kind>archive</kind>
         <file>rtsv7M4_T_le_v4SPD16_eabi.lib</file>
         <name>hostclose.c.obj</name>
      </input_file>
      <input_file id="fl-ed">
         <path>D:\ccs\tools\compiler\ti-cgt-arm_20.2.7.LTS\lib\</path>
         <kind>archive</kind>
         <file>rtsv7M4_T_le_v4SPD16_eabi.lib</file>
         <name>hostlseek.c.obj</name>
      </input_file>
      <input_file id="fl-ee">
         <path>D:\ccs\tools\compiler\ti-cgt-arm_20.2.7.LTS\lib\</path>
         <kind>archive</kind>
         <file>rtsv7M4_T_le_v4SPD16_eabi.lib</file>
         <name>hostopen.c.obj</name>
      </input_file>
      <input_file id="fl-ef">
         <path>D:\ccs\tools\compiler\ti-cgt-arm_20.2.7.LTS\lib\</path>
         <kind>archive</kind>
         <file>rtsv7M4_T_le_v4SPD16_eabi.lib</file>
         <name>hostread.c.obj</name>
      </input_file>
      <input_file id="fl-f0">
         <path>D:\ccs\tools\compiler\ti-cgt-arm_20.2.7.LTS\lib\</path>
         <kind>archive</kind>
         <file>rtsv7M4_T_le_v4SPD16_eabi.lib</file>
         <name>hostrename.c.obj</name>
      </input_file>
      <input_file id="fl-f1">
         <path>D:\ccs\tools\compiler\ti-cgt-arm_20.2.7.LTS\lib\</path>
         <kind>archive</kind>
         <file>rtsv7M4_T_le_v4SPD16_eabi.lib</file>
         <name>hostunlink.c.obj</name>
      </input_file>
      <input_file id="fl-f2">
         <path>D:\ccs\tools\compiler\ti-cgt-arm_20.2.7.LTS\lib\</path>
         <kind>archive</kind>
         <file>rtsv7M4_T_le_v4SPD16_eabi.lib</file>
         <name>hostwrite.c.obj</name>
      </input_file>
      <input_file id="fl-f3">
         <path>D:\ccs\tools\compiler\ti-cgt-arm_20.2.7.LTS\lib\</path>
         <kind>archive</kind>
         <file>rtsv7M4_T_le_v4SPD16_eabi.lib</file>
         <name>trgmsg.c.obj</name>
      </input_file>
      <input_file id="fl-f4">
         <path>D:\ccs\tools\compiler\ti-cgt-arm_20.2.7.LTS\lib\</path>
         <kind>archive</kind>
         <file>rtsv7M4_T_le_v4SPD16_eabi.lib</file>
         <name>open.c.obj</name>
      </input_file>
      <input_file id="fl-f5">
         <path>D:\ccs\tools\compiler\ti-cgt-arm_20.2.7.LTS\lib\</path>
         <kind>archive</kind>
         <file>rtsv7M4_T_le_v4SPD16_eabi.lib</file>
         <name>lseek.c.obj</name>
      </input_file>
      <input_file id="fl-f6">
         <path>D:\ccs\tools\compiler\ti-cgt-arm_20.2.7.LTS\lib\</path>
         <kind>archive</kind>
         <file>rtsv7M4_T_le_v4SPD16_eabi.lib</file>
         <name>s_copysign.c.obj</name>
      </input_file>
      <input_file id="fl-f7">
         <path>D:\ccs\tools\compiler\ti-cgt-arm_20.2.7.LTS\lib\</path>
         <kind>archive</kind>
         <file>rtsv7M4_T_le_v4SPD16_eabi.lib</file>
         <name>fclose.c.obj</name>
      </input_file>
      <input_file id="fl-f8">
         <path>D:\ccs\tools\compiler\ti-cgt-arm_20.2.7.LTS\lib\</path>
         <kind>archive</kind>
         <file>rtsv7M4_T_le_v4SPD16_eabi.lib</file>
         <name>getdevice.c.obj</name>
      </input_file>
      <input_file id="fl-f9">
         <path>D:\ccs\tools\compiler\ti-cgt-arm_20.2.7.LTS\lib\</path>
         <kind>archive</kind>
         <file>rtsv7M4_T_le_v4SPD16_eabi.lib</file>
         <name>strcmp.c.obj</name>
      </input_file>
      <input_file id="fl-fa">
         <path>D:\ccs\tools\compiler\ti-cgt-arm_20.2.7.LTS\lib\</path>
         <kind>archive</kind>
         <file>rtsv7M4_T_le_v4SPD16_eabi.lib</file>
         <name>strcpy.c.obj</name>
      </input_file>
      <input_file id="fl-fb">
         <path>D:\ccs\tools\compiler\ti-cgt-arm_20.2.7.LTS\lib\</path>
         <kind>archive</kind>
         <file>rtsv7M4_T_le_v4SPD16_eabi.lib</file>
         <name>strncpy.c.obj</name>
      </input_file>
      <input_file id="fl-fc">
         <path>D:\ccs\tools\compiler\ti-cgt-arm_20.2.7.LTS\lib\</path>
         <kind>archive</kind>
         <file>rtsv7M4_T_le_v4SPD16_eabi.lib</file>
         <name>remove.c.obj</name>
      </input_file>
      <input_file id="fl-fd">
         <path>D:\ccs\tools\compiler\ti-cgt-arm_20.2.7.LTS\lib\</path>
         <kind>archive</kind>
         <file>rtsv7M4_T_le_v4SPD16_eabi.lib</file>
         <name>close.c.obj</name>
      </input_file>
      <input_file id="fl-fe">
         <path>D:\ccs\tools\compiler\ti-cgt-arm_20.2.7.LTS\lib\</path>
         <kind>archive</kind>
         <file>rtsv7M4_T_le_v4SPD16_eabi.lib</file>
         <name>unlink.c.obj</name>
      </input_file>
      <input_file id="fl-ff">
         <path>D:\librerie_css\simplelink_msp432p4_sdk_3_40_01_02\source\ti\devices\msp432p4xx\driverlib\ccs\</path>
         <kind>archive</kind>
         <file>msp432p4xx_driverlib.lib</file>
         <name>gpio.o</name>
      </input_file>
      <input_file id="fl-100">
         <path>D:\librerie_css\simplelink_msp432p4_sdk_3_40_01_02\source\ti\devices\msp432p4xx\driverlib\ccs\</path>
         <kind>archive</kind>
         <file>msp432p4xx_driverlib.lib</file>
         <name>interrupt.o</name>
      </input_file>
      <input_file id="fl-101">
         <path>D:\librerie_css\simplelink_msp432p4_sdk_3_40_01_02\source\ti\devices\msp432p4xx\driverlib\ccs\</path>
         <kind>archive</kind>
         <file>msp432p4xx_driverlib.lib</file>
         <name>timer_a.o</name>
      </input_file>
      <input_file id="fl-102">
         <path>D:\librerie_css\simplelink_msp432p4_sdk_3_40_01_02\source\ti\devices\msp432p4xx\driverlib\ccs\</path>
         <kind>archive</kind>
         <file>msp432p4xx_driverlib.lib</file>
         <name>cpu.o</name>
      </input_file>
   </input_file_list>
   <object_component_list>
      <object_component id="oc-26">
         <name>.intvecs:retain</name>
         <load_address>0x0</load_address>
         <run_address>0x0</run_address>
         <size>0xe4</size>
         <input_file_ref idref="fl-3"/>
      </object_component>
      <object_component id="oc-185">
         <name>.text:__TI_printfi</name>
         <load_address>0xe4</load_address>
         <run_address>0xe4</run_address>
         <size>0xa4e</size>
         <input_file_ref idref="fl-c1"/>
      </object_component>
      <object_component id="oc-252">
         <name>.text:_nop</name>
         <load_address>0xb32</load_address>
         <run_address>0xb32</run_address>
         <size>0x2</size>
         <input_file_ref idref="fl-d3"/>
      </object_component>
      <object_component id="oc-9a">
         <name>.text</name>
         <load_address>0xb34</load_address>
         <run_address>0xb34</run_address>
         <size>0x394</size>
         <input_file_ref idref="fl-2"/>
      </object_component>
      <object_component id="oc-ac">
         <name>.text</name>
         <load_address>0xec8</load_address>
         <run_address>0xec8</run_address>
         <size>0x334</size>
         <input_file_ref idref="fl-4"/>
      </object_component>
      <object_component id="oc-22e">
         <name>.text:_pconv_a</name>
         <load_address>0x11fc</load_address>
         <run_address>0x11fc</run_address>
         <size>0x270</size>
         <input_file_ref idref="fl-c1"/>
      </object_component>
      <object_component id="oc-21c">
         <name>.text:_pconv_g</name>
         <load_address>0x146c</load_address>
         <run_address>0x146c</run_address>
         <size>0x1d0</size>
         <input_file_ref idref="fl-c1"/>
      </object_component>
      <object_component id="oc-2bb">
         <name>.text</name>
         <load_address>0x163c</load_address>
         <run_address>0x163c</run_address>
         <size>0x1b6</size>
         <input_file_ref idref="fl-c6"/>
      </object_component>
      <object_component id="oc-341">
         <name>.text</name>
         <load_address>0x17f2</load_address>
         <run_address>0x17f2</run_address>
         <size>0x2</size>
         <input_file_ref idref="fl-e7"/>
      </object_component>
      <object_component id="oc-16a">
         <name>.text:privateTimer_AProcessClockSourceDivider</name>
         <load_address>0x17f4</load_address>
         <run_address>0x17f4</run_address>
         <size>0x144</size>
         <input_file_ref idref="fl-101"/>
      </object_component>
      <object_component id="oc-228">
         <name>.text:_pconv_e</name>
         <load_address>0x1938</load_address>
         <run_address>0x1938</run_address>
         <size>0x13c</size>
         <input_file_ref idref="fl-c1"/>
      </object_component>
      <object_component id="oc-2a1">
         <name>.text</name>
         <load_address>0x1a74</load_address>
         <run_address>0x1a74</run_address>
         <size>0x136</size>
         <input_file_ref idref="fl-c8"/>
      </object_component>
      <object_component id="oc-2cd">
         <name>.text:fcvt</name>
         <load_address>0x1bac</load_address>
         <run_address>0x1bac</run_address>
         <size>0x124</size>
         <input_file_ref idref="fl-c1"/>
      </object_component>
      <object_component id="oc-260">
         <name>.text:fputs</name>
         <load_address>0x1cd0</load_address>
         <run_address>0x1cd0</run_address>
         <size>0x114</size>
         <input_file_ref idref="fl-c3"/>
      </object_component>
      <object_component id="oc-2e1">
         <name>.text:scalbn</name>
         <load_address>0x1de4</load_address>
         <run_address>0x1de4</run_address>
         <size>0x110</size>
         <input_file_ref idref="fl-e3"/>
      </object_component>
      <object_component id="oc-3ec">
         <name>.text:aligned_alloc</name>
         <load_address>0x1ef4</load_address>
         <run_address>0x1ef4</run_address>
         <size>0x100</size>
         <input_file_ref idref="fl-da"/>
      </object_component>
      <object_component id="oc-29c">
         <name>.text</name>
         <load_address>0x1ff4</load_address>
         <run_address>0x1ff4</run_address>
         <size>0xfc</size>
         <input_file_ref idref="fl-c9"/>
      </object_component>
      <object_component id="oc-3aa">
         <name>.text:free</name>
         <load_address>0x20f0</load_address>
         <run_address>0x20f0</run_address>
         <size>0xe4</size>
         <input_file_ref idref="fl-da"/>
      </object_component>
      <object_component id="oc-37c">
         <name>.text:setvbuf</name>
         <load_address>0x21d4</load_address>
         <run_address>0x21d4</run_address>
         <size>0xdc</size>
         <input_file_ref idref="fl-c5"/>
      </object_component>
      <object_component id="oc-211">
         <name>.text:_ltostr</name>
         <load_address>0x22b0</load_address>
         <run_address>0x22b0</run_address>
         <size>0xb1</size>
         <input_file_ref idref="fl-c1"/>
      </object_component>
      <object_component id="oc-3a">
         <name>.text</name>
         <load_address>0x2362</load_address>
         <run_address>0x2362</run_address>
         <size>0x9c</size>
         <input_file_ref idref="fl-cc"/>
      </object_component>
      <object_component id="oc-295">
         <name>.text</name>
         <load_address>0x23fe</load_address>
         <run_address>0x23fe</run_address>
         <size>0x96</size>
         <input_file_ref idref="fl-ce"/>
      </object_component>
      <object_component id="oc-267">
         <name>.text:fputc</name>
         <load_address>0x2494</load_address>
         <run_address>0x2494</run_address>
         <size>0x8c</size>
         <input_file_ref idref="fl-c2"/>
      </object_component>
      <object_component id="oc-e2">
         <name>.text:GPIO_setAsPeripheralModuleFunctionOutputPin</name>
         <load_address>0x2520</load_address>
         <run_address>0x2520</run_address>
         <size>0x88</size>
         <input_file_ref idref="fl-ff"/>
      </object_component>
      <object_component id="oc-217">
         <name>.text:__aeabi_cdcmple</name>
         <load_address>0x25a8</load_address>
         <run_address>0x25a8</run_address>
         <size>0x86</size>
         <input_file_ref idref="fl-c7"/>
      </object_component>
      <object_component id="oc-2a6">
         <name>.text:__aeabi_cdrcmple</name>
         <load_address>0x262e</load_address>
         <run_address>0x262e</run_address>
         <size>0x86</size>
         <input_file_ref idref="fl-c7"/>
      </object_component>
      <object_component id="oc-8e">
         <name>.text</name>
         <load_address>0x26b4</load_address>
         <run_address>0x26b4</run_address>
         <size>0x7a</size>
         <input_file_ref idref="fl-cd"/>
      </object_component>
      <object_component id="oc-3f3">
         <name>.text:__TI_closefile</name>
         <load_address>0x2730</load_address>
         <run_address>0x2730</run_address>
         <size>0x74</size>
         <input_file_ref idref="fl-f7"/>
      </object_component>
      <object_component id="oc-434">
         <name>.text:split</name>
         <load_address>0x27a4</load_address>
         <run_address>0x27a4</run_address>
         <size>0x70</size>
         <input_file_ref idref="fl-da"/>
      </object_component>
      <object_component id="oc-2c6">
         <name>.text:_mcpy</name>
         <load_address>0x2814</load_address>
         <run_address>0x2814</run_address>
         <size>0x6e</size>
         <input_file_ref idref="fl-c1"/>
      </object_component>
      <object_component id="oc-423">
         <name>.text:HOSTrename</name>
         <load_address>0x2884</load_address>
         <run_address>0x2884</run_address>
         <size>0x6c</size>
         <input_file_ref idref="fl-f0"/>
      </object_component>
      <object_component id="oc-417">
         <name>.text:HOSTlseek</name>
         <load_address>0x28f0</load_address>
         <run_address>0x28f0</run_address>
         <size>0x68</size>
         <input_file_ref idref="fl-ed"/>
      </object_component>
      <object_component id="oc-d6">
         <name>.text:Timer_A_configureUpMode</name>
         <load_address>0x2958</load_address>
         <run_address>0x2958</run_address>
         <size>0x68</size>
         <input_file_ref idref="fl-101"/>
      </object_component>
      <object_component id="oc-17">
         <name>.text:decompress:lzss:__TI_decompress_lzss</name>
         <load_address>0x29c0</load_address>
         <run_address>0x29c0</run_address>
         <size>0x68</size>
         <input_file_ref idref="fl-d1"/>
      </object_component>
      <object_component id="oc-100">
         <name>.text:printf</name>
         <load_address>0x2a28</load_address>
         <run_address>0x2a28</run_address>
         <size>0x68</size>
         <input_file_ref idref="fl-c0"/>
      </object_component>
      <object_component id="oc-2db">
         <name>.text:frexp</name>
         <load_address>0x2a90</load_address>
         <run_address>0x2a90</run_address>
         <size>0x64</size>
         <input_file_ref idref="fl-e2"/>
      </object_component>
      <object_component id="oc-376">
         <name>.text:fseek</name>
         <load_address>0x2af4</load_address>
         <run_address>0x2af4</run_address>
         <size>0x64</size>
         <input_file_ref idref="fl-e6"/>
      </object_component>
      <object_component id="oc-312">
         <name>.text:__TI_wrt_ok</name>
         <load_address>0x2b58</load_address>
         <run_address>0x2b58</run_address>
         <size>0x62</size>
         <input_file_ref idref="fl-c4"/>
      </object_component>
      <object_component id="oc-3ff">
         <name>.text:HOSTopen</name>
         <load_address>0x2bbc</load_address>
         <run_address>0x2bbc</run_address>
         <size>0x60</size>
         <input_file_ref idref="fl-ee"/>
      </object_component>
      <object_component id="oc-43b">
         <name>.text:close</name>
         <load_address>0x2c1c</load_address>
         <run_address>0x2c1c</run_address>
         <size>0x5c</size>
         <input_file_ref idref="fl-fd"/>
      </object_component>
      <object_component id="oc-40b">
         <name>.text:HOSTread</name>
         <load_address>0x2c78</load_address>
         <run_address>0x2c78</run_address>
         <size>0x58</size>
         <input_file_ref idref="fl-ef"/>
      </object_component>
      <object_component id="oc-411">
         <name>.text:HOSTwrite</name>
         <load_address>0x2cd0</load_address>
         <run_address>0x2cd0</run_address>
         <size>0x58</size>
         <input_file_ref idref="fl-f2"/>
      </object_component>
      <object_component id="oc-222">
         <name>.text:_pconv_f</name>
         <load_address>0x2d28</load_address>
         <run_address>0x2d28</run_address>
         <size>0x56</size>
         <input_file_ref idref="fl-c1"/>
      </object_component>
      <object_component id="oc-2b0">
         <name>.text:__TI_ltoa</name>
         <load_address>0x2d7e</load_address>
         <run_address>0x2d7e</run_address>
         <size>0x54</size>
         <input_file_ref idref="fl-d4"/>
      </object_component>
      <object_component id="oc-2c0">
         <name>.text:_ecpy</name>
         <load_address>0x2dd2</load_address>
         <run_address>0x2dd2</run_address>
         <size>0x52</size>
         <input_file_ref idref="fl-c1"/>
      </object_component>
      <object_component id="oc-fa">
         <name>.text:Timer_A_initCompare</name>
         <load_address>0x2e24</load_address>
         <run_address>0x2e24</run_address>
         <size>0x4e</size>
         <input_file_ref idref="fl-101"/>
      </object_component>
      <object_component id="oc-31e">
         <name>.text:__TI_doflush</name>
         <load_address>0x2e72</load_address>
         <run_address>0x2e72</run_address>
         <size>0x4c</size>
         <input_file_ref idref="fl-e4"/>
      </object_component>
      <object_component id="oc-20b">
         <name>.text:atoi</name>
         <load_address>0x2ec0</load_address>
         <run_address>0x2ec0</run_address>
         <size>0x4c</size>
         <input_file_ref idref="fl-d5"/>
      </object_component>
      <object_component id="oc-128">
         <name>.text:exit</name>
         <load_address>0x2f0c</load_address>
         <run_address>0x2f0c</run_address>
         <size>0x48</size>
         <input_file_ref idref="fl-d2"/>
      </object_component>
      <object_component id="oc-2ab">
         <name>.text</name>
         <load_address>0x2f54</load_address>
         <run_address>0x2f54</run_address>
         <size>0x48</size>
         <input_file_ref idref="fl-ca"/>
      </object_component>
      <object_component id="oc-405">
         <name>.text:HOSTclose</name>
         <load_address>0x2f9c</load_address>
         <run_address>0x2f9c</run_address>
         <size>0x44</size>
         <input_file_ref idref="fl-ec"/>
      </object_component>
      <object_component id="oc-41d">
         <name>.text:HOSTunlink</name>
         <load_address>0x2fe0</load_address>
         <run_address>0x2fe0</run_address>
         <size>0x44</size>
         <input_file_ref idref="fl-f1"/>
      </object_component>
      <object_component id="oc-12e">
         <name>.text:__TI_auto_init_nobinit_nopinit:__TI_auto_init_nobinit_nopinit</name>
         <load_address>0x3024</load_address>
         <run_address>0x3024</run_address>
         <size>0x44</size>
         <input_file_ref idref="fl-e8"/>
      </object_component>
      <object_component id="oc-473">
         <name>.text:getdevice</name>
         <load_address>0x3068</load_address>
         <run_address>0x3068</run_address>
         <size>0x44</size>
         <input_file_ref idref="fl-f8"/>
      </object_component>
      <object_component id="oc-e8">
         <name>.text:GPIO_setAsOutputPin</name>
         <load_address>0x30ac</load_address>
         <run_address>0x30ac</run_address>
         <size>0x40</size>
         <input_file_ref idref="fl-ff"/>
      </object_component>
      <object_component id="oc-2d3">
         <name>.text:_fcpy</name>
         <load_address>0x30ec</load_address>
         <run_address>0x30ec</run_address>
         <size>0x3e</size>
         <input_file_ref idref="fl-c1"/>
      </object_component>
      <object_component id="oc-44c">
         <name>.text:__TI_writemsg</name>
         <load_address>0x312c</load_address>
         <run_address>0x312c</run_address>
         <size>0x38</size>
         <input_file_ref idref="fl-f3"/>
      </object_component>
      <object_component id="oc-495">
         <name>.text:strncpy</name>
         <load_address>0x3164</load_address>
         <run_address>0x3164</run_address>
         <size>0x36</size>
         <input_file_ref idref="fl-fb"/>
      </object_component>
      <object_component id="oc-3b6">
         <name>.text:__TI_cleanup</name>
         <load_address>0x319c</load_address>
         <run_address>0x319c</run_address>
         <size>0x34</size>
         <input_file_ref idref="fl-e5"/>
      </object_component>
      <object_component id="oc-452">
         <name>.text:__TI_readmsg</name>
         <load_address>0x31d0</load_address>
         <run_address>0x31d0</run_address>
         <size>0x34</size>
         <input_file_ref idref="fl-f3"/>
      </object_component>
      <object_component id="oc-58">
         <name>.text:_c_int00_noargs:_c_int00_noargs</name>
         <load_address>0x3204</load_address>
         <run_address>0x3204</run_address>
         <size>0x34</size>
         <input_file_ref idref="fl-dd"/>
      </object_component>
      <object_component id="oc-49b">
         <name>.text:finddevice</name>
         <load_address>0x3238</load_address>
         <run_address>0x3238</run_address>
         <size>0x30</size>
         <input_file_ref idref="fl-f8"/>
      </object_component>
      <object_component id="oc-2b6">
         <name>.text</name>
         <load_address>0x3268</load_address>
         <run_address>0x3268</run_address>
         <size>0x2e</size>
         <input_file_ref idref="fl-cb"/>
      </object_component>
      <object_component id="oc-441">
         <name>.text:unlink</name>
         <load_address>0x3298</load_address>
         <run_address>0x3298</run_address>
         <size>0x2c</size>
         <input_file_ref idref="fl-fe"/>
      </object_component>
      <object_component id="oc-ee">
         <name>.text:GPIO_setOutputHighOnPin</name>
         <load_address>0x32c4</load_address>
         <run_address>0x32c4</run_address>
         <size>0x28</size>
         <input_file_ref idref="fl-ff"/>
      </object_component>
      <object_component id="oc-f4">
         <name>.text:GPIO_setOutputLowOnPin</name>
         <load_address>0x32ec</load_address>
         <run_address>0x32ec</run_address>
         <size>0x28</size>
         <input_file_ref idref="fl-ff"/>
      </object_component>
      <object_component id="oc-3e5">
         <name>.text:free_list_insert</name>
         <load_address>0x3314</load_address>
         <run_address>0x3314</run_address>
         <size>0x28</size>
         <input_file_ref idref="fl-da"/>
      </object_component>
      <object_component id="oc-3a2">
         <name>.text:lseek</name>
         <load_address>0x333c</load_address>
         <run_address>0x333c</run_address>
         <size>0x28</size>
         <input_file_ref idref="fl-f5"/>
      </object_component>
      <object_component id="oc-324">
         <name>.text:write</name>
         <load_address>0x3364</load_address>
         <run_address>0x3364</run_address>
         <size>0x28</size>
         <input_file_ref idref="fl-de"/>
      </object_component>
      <object_component id="oc-318">
         <name>.text:memchr</name>
         <load_address>0x338c</load_address>
         <run_address>0x338c</run_address>
         <size>0x20</size>
         <input_file_ref idref="fl-d9"/>
      </object_component>
      <object_component id="oc-46">
         <name>.text:decompress:ZI:__TI_zero_init_nomemset:__TI_zero_init_nomemset</name>
         <load_address>0x33ac</load_address>
         <run_address>0x33ac</run_address>
         <size>0x1c</size>
         <input_file_ref idref="fl-cf"/>
      </object_component>
      <object_component id="oc-3df">
         <name>.text:free_list_remove</name>
         <load_address>0x33c8</load_address>
         <run_address>0x33c8</run_address>
         <size>0x1c</size>
         <input_file_ref idref="fl-da"/>
      </object_component>
      <object_component id="oc-234">
         <name>.text:memccpy</name>
         <load_address>0x33e4</load_address>
         <run_address>0x33e4</run_address>
         <size>0x1c</size>
         <input_file_ref idref="fl-d8"/>
      </object_component>
      <object_component id="oc-35a">
         <name>.text:copysign</name>
         <load_address>0x3400</load_address>
         <run_address>0x3400</run_address>
         <size>0x1a</size>
         <input_file_ref idref="fl-f6"/>
      </object_component>
      <object_component id="oc-4b2">
         <name>.text:strcmp</name>
         <load_address>0x341a</load_address>
         <run_address>0x341a</run_address>
         <size>0x18</size>
         <input_file_ref idref="fl-f9"/>
      </object_component>
      <object_component id="oc-dc">
         <name>.text:Timer_A_startCounter</name>
         <load_address>0x3432</load_address>
         <run_address>0x3432</run_address>
         <size>0x16</size>
         <input_file_ref idref="fl-101"/>
      </object_component>
      <object_component id="oc-2e7">
         <name>.text:strchr</name>
         <load_address>0x3448</load_address>
         <run_address>0x3448</run_address>
         <size>0x16</size>
         <input_file_ref idref="fl-db"/>
      </object_component>
      <object_component id="oc-466">
         <name>.text:strcpy</name>
         <load_address>0x345e</load_address>
         <run_address>0x345e</run_address>
         <size>0x14</size>
         <input_file_ref idref="fl-fa"/>
      </object_component>
      <object_component id="oc-205">
         <name>.text:strlen</name>
         <load_address>0x3472</load_address>
         <run_address>0x3472</run_address>
         <size>0x14</size>
         <input_file_ref idref="fl-dc"/>
      </object_component>
      <object_component id="oc-23a">
         <name>.text:wcslen</name>
         <load_address>0x3486</load_address>
         <run_address>0x3486</run_address>
         <size>0x12</size>
         <input_file_ref idref="fl-e1"/>
      </object_component>
      <object_component id="oc-1d">
         <name>.text:decompress:none:__TI_decompress_none</name>
         <load_address>0x3498</load_address>
         <run_address>0x3498</run_address>
         <size>0xe</size>
         <input_file_ref idref="fl-d0"/>
      </object_component>
      <object_component id="oc-6a">
         <name>.text</name>
         <load_address>0x34a6</load_address>
         <run_address>0x34a6</run_address>
         <size>0xe</size>
         <input_file_ref idref="fl-3"/>
      </object_component>
      <object_component id="oc-240">
         <name>.text:__aeabi_errno_addr</name>
         <load_address>0x34b4</load_address>
         <run_address>0x34b4</run_address>
         <size>0x8</size>
         <input_file_ref idref="fl-e0"/>
      </object_component>
      <object_component id="oc-3b0">
         <name>.text:malloc</name>
         <load_address>0x34bc</load_address>
         <run_address>0x34bc</run_address>
         <size>0x8</size>
         <input_file_ref idref="fl-da"/>
      </object_component>
      <object_component id="oc-197">
         <name>.text:_outc</name>
         <load_address>0x34c4</load_address>
         <run_address>0x34c4</run_address>
         <size>0x4</size>
         <input_file_ref idref="fl-c0"/>
      </object_component>
      <object_component id="oc-191">
         <name>.text:_outs</name>
         <load_address>0x34c8</load_address>
         <run_address>0x34c8</run_address>
         <size>0x4</size>
         <input_file_ref idref="fl-c0"/>
      </object_component>
      <object_component id="oc-94">
         <name>.text:_system_pre_init</name>
         <load_address>0x34cc</load_address>
         <run_address>0x34cc</run_address>
         <size>0x4</size>
         <input_file_ref idref="fl-e9"/>
      </object_component>
      <object_component id="oc-122">
         <name>.text:abort:abort</name>
         <load_address>0x34d0</load_address>
         <run_address>0x34d0</run_address>
         <size>0x4</size>
         <input_file_ref idref="fl-d2"/>
      </object_component>
      <object_component id="oc-290">
         <name>.const:.string:_ctypes_</name>
         <load_address>0x34d4</load_address>
         <run_address>0x34d4</run_address>
         <size>0x101</size>
         <input_file_ref idref="fl-d6"/>
      </object_component>
      <object_component id="oc-17d">
         <name>.const:GPIO_PORT_TO_BASE</name>
         <load_address>0x35d8</load_address>
         <run_address>0x35d8</run_address>
         <size>0x30</size>
         <input_file_ref idref="fl-ff"/>
      </object_component>
      <object_component id="oc-4f2">
         <name>.cinit..data.load</name>
         <load_address>0x3608</load_address>
         <run_address>0x3608</run_address>
         <size>0x86</size>
      </object_component>
      <object_component id="oc-4f0">
         <name>__TI_handler_table</name>
         <load_address>0x3690</load_address>
         <run_address>0x3690</run_address>
         <size>0xc</size>
      </object_component>
      <object_component id="oc-4f3">
         <name>.cinit..bss.load</name>
         <load_address>0x36a0</load_address>
         <run_address>0x36a0</run_address>
         <size>0x8</size>
      </object_component>
      <object_component id="oc-4f1">
         <name>__TI_cinit_table</name>
         <load_address>0x36a8</load_address>
         <run_address>0x36a8</run_address>
         <size>0x10</size>
      </object_component>
      <object_component id="oc-4c4">
         <name>.binit</name>
         <load_address>0x0</load_address>
         <run_address>0x0</run_address>
         <size>0x0</size>
      </object_component>
      <object_component id="oc-109">
         <name>.data:compareConfig_PWM_DESTRA</name>
         <load_address>0x200005d0</load_address>
         <run_address>0x200005d0</run_address>
         <size>0x10</size>
         <input_file_ref idref="fl-2"/>
      </object_component>
      <object_component id="oc-10c">
         <name>.data:compareConfig_PWM_SINISTRA</name>
         <load_address>0x200005e0</load_address>
         <run_address>0x200005e0</run_address>
         <size>0x10</size>
         <input_file_ref idref="fl-2"/>
      </object_component>
      <object_component id="oc-106">
         <name>.data:upConfig</name>
         <load_address>0x200005b8</load_address>
         <run_address>0x200005b8</run_address>
         <size>0x18</size>
         <input_file_ref idref="fl-2"/>
      </object_component>
      <object_component id="oc-10f">
         <name>.data</name>
         <load_address>0x2000061c</load_address>
         <run_address>0x2000061c</run_address>
         <size>0x8</size>
         <input_file_ref idref="fl-2"/>
      </object_component>
      <object_component id="oc-160">
         <name>.data</name>
         <load_address>0x20000628</load_address>
         <run_address>0x20000628</run_address>
         <size>0x4</size>
         <input_file_ref idref="fl-4"/>
      </object_component>
      <object_component id="oc-1b2">
         <name>.data:$O1$$</name>
         <load_address>0x20000600</load_address>
         <run_address>0x20000600</run_address>
         <size>0xc</size>
         <input_file_ref idref="fl-d2"/>
      </object_component>
      <object_component id="oc-18b">
         <name>.data:$O1$$</name>
         <load_address>0x2000060c</load_address>
         <run_address>0x2000060c</run_address>
         <size>0x8</size>
         <input_file_ref idref="fl-d3"/>
      </object_component>
      <object_component id="oc-18e">
         <name>.data:_ftable</name>
         <load_address>0x20000400</load_address>
         <run_address>0x20000400</run_address>
         <size>0xf0</size>
         <input_file_ref idref="fl-d7"/>
      </object_component>
      <object_component id="oc-3f9">
         <name>.data</name>
         <load_address>0x200005f0</load_address>
         <run_address>0x200005f0</run_address>
         <size>0x10</size>
         <input_file_ref idref="fl-d7"/>
      </object_component>
      <object_component id="oc-42f">
         <name>.data:$O1$$</name>
         <load_address>0x20000614</load_address>
         <run_address>0x20000614</run_address>
         <size>0x8</size>
         <input_file_ref idref="fl-da"/>
      </object_component>
      <object_component id="oc-3c9">
         <name>.data:_device</name>
         <load_address>0x200004f0</load_address>
         <run_address>0x200004f0</run_address>
         <size>0x78</size>
         <input_file_ref idref="fl-df"/>
      </object_component>
      <object_component id="oc-388">
         <name>.data:_stream</name>
         <load_address>0x20000568</load_address>
         <run_address>0x20000568</run_address>
         <size>0x50</size>
         <input_file_ref idref="fl-df"/>
      </object_component>
      <object_component id="oc-2f7">
         <name>.data</name>
         <load_address>0x20000624</load_address>
         <run_address>0x20000624</run_address>
         <size>0x4</size>
         <input_file_ref idref="fl-e0"/>
      </object_component>
      <object_component id="oc-47d">
         <name>.bss:_CIOBUF_</name>
         <uninitialized>true</uninitialized>
         <run_address>0x2000062c</run_address>
         <size>0x120</size>
         <input_file_ref idref="fl-f3"/>
      </object_component>
      <object_component id="oc-447">
         <name>.common:__TI_tmpnams</name>
         <uninitialized>true</uninitialized>
         <run_address>0x2000074c</run_address>
         <size>0xa0</size>
      </object_component>
      <object_component id="oc-458">
         <name>.common:parmbuf</name>
         <uninitialized>true</uninitialized>
         <run_address>0x200007ec</run_address>
         <size>0x8</size>
      </object_component>
      <object_component id="oc-29">
         <name>.sysmem</name>
         <uninitialized>true</uninitialized>
         <run_address>0x20000000</run_address>
         <size>0x10</size>
         <input_file_ref idref="fl-da"/>
      </object_component>
      <object_component id="oc-4f6">
         <name>.sysmem</name>
         <uninitialized>true</uninitialized>
         <run_address>0x20000000</run_address>
         <size>0x0</size>
      </object_component>
      <object_component id="oc-2c">
         <name>.stack</name>
         <uninitialized>true</uninitialized>
         <run_address>0x2000fe00</run_address>
         <size>0x4</size>
         <input_file_ref idref="fl-dd"/>
      </object_component>
      <object_component id="oc-4f5">
         <name>.stack</name>
         <uninitialized>true</uninitialized>
         <run_address>0x2000fe00</run_address>
         <size>0x0</size>
      </object_component>
      <object_component id="oc-169">
         <name>.debug_info</name>
         <load_address>0x0</load_address>
         <run_address>0x0</run_address>
         <size>0x8c2</size>
         <input_file_ref idref="fl-2"/>
      </object_component>
      <object_component id="oc-10a">
         <name>.debug_info</name>
         <load_address>0x8c2</load_address>
         <run_address>0x8c2</run_address>
         <size>0xd9</size>
         <input_file_ref idref="fl-2"/>
      </object_component>
      <object_component id="oc-10d">
         <name>.debug_info</name>
         <load_address>0x99b</load_address>
         <run_address>0x99b</run_address>
         <size>0xdd</size>
         <input_file_ref idref="fl-2"/>
      </object_component>
      <object_component id="oc-107">
         <name>.debug_info</name>
         <load_address>0xa78</load_address>
         <run_address>0xa78</run_address>
         <size>0xb9</size>
         <input_file_ref idref="fl-2"/>
      </object_component>
      <object_component id="oc-110">
         <name>.debug_info</name>
         <load_address>0xb31</load_address>
         <run_address>0xb31</run_address>
         <size>0xf8</size>
         <input_file_ref idref="fl-2"/>
      </object_component>
      <object_component id="oc-9b">
         <name>.debug_info</name>
         <load_address>0xc29</load_address>
         <run_address>0xc29</run_address>
         <size>0xb36</size>
         <input_file_ref idref="fl-2"/>
      </object_component>
      <object_component id="oc-11d">
         <name>.debug_info</name>
         <load_address>0x175f</load_address>
         <run_address>0x175f</run_address>
         <size>0x5a</size>
         <input_file_ref idref="fl-2"/>
      </object_component>
      <object_component id="oc-b5">
         <name>.debug_info</name>
         <load_address>0x17b9</load_address>
         <run_address>0x17b9</run_address>
         <size>0x26b</size>
         <input_file_ref idref="fl-2"/>
      </object_component>
      <object_component id="oc-1d7">
         <name>.debug_info</name>
         <load_address>0x1a24</load_address>
         <run_address>0x1a24</run_address>
         <size>0x1055</size>
         <input_file_ref idref="fl-2"/>
      </object_component>
      <object_component id="oc-1d2">
         <name>.debug_info</name>
         <load_address>0x2a79</load_address>
         <run_address>0x2a79</run_address>
         <size>0x37e2</size>
         <input_file_ref idref="fl-2"/>
      </object_component>
      <object_component id="oc-1dc">
         <name>.debug_info</name>
         <load_address>0x625b</load_address>
         <run_address>0x625b</run_address>
         <size>0x439</size>
         <input_file_ref idref="fl-2"/>
      </object_component>
      <object_component id="oc-1a6">
         <name>.debug_info</name>
         <load_address>0x6694</load_address>
         <run_address>0x6694</run_address>
         <size>0x341</size>
         <input_file_ref idref="fl-2"/>
      </object_component>
      <object_component id="oc-113">
         <name>.debug_info</name>
         <load_address>0x69d5</load_address>
         <run_address>0x69d5</run_address>
         <size>0x8b</size>
         <input_file_ref idref="fl-2"/>
      </object_component>
      <object_component id="oc-164">
         <name>.debug_info</name>
         <load_address>0x6a60</load_address>
         <run_address>0x6a60</run_address>
         <size>0x2a4</size>
         <input_file_ref idref="fl-2"/>
      </object_component>
      <object_component id="oc-1e1">
         <name>.debug_info</name>
         <load_address>0x6d04</load_address>
         <run_address>0x6d04</run_address>
         <size>0xef</size>
         <input_file_ref idref="fl-2"/>
      </object_component>
      <object_component id="oc-118">
         <name>.debug_info</name>
         <load_address>0x6df3</load_address>
         <run_address>0x6df3</run_address>
         <size>0xbb</size>
         <input_file_ref idref="fl-2"/>
      </object_component>
      <object_component id="oc-19f">
         <name>.debug_info</name>
         <load_address>0x6eae</load_address>
         <run_address>0x6eae</run_address>
         <size>0x2c</size>
         <input_file_ref idref="fl-2"/>
      </object_component>
      <object_component id="oc-72">
         <name>.debug_info</name>
         <load_address>0x6eda</load_address>
         <run_address>0x6eda</run_address>
         <size>0x2b0</size>
         <input_file_ref idref="fl-3"/>
      </object_component>
      <object_component id="oc-27">
         <name>.debug_info</name>
         <load_address>0x718a</load_address>
         <run_address>0x718a</run_address>
         <size>0xdc</size>
         <input_file_ref idref="fl-3"/>
      </object_component>
      <object_component id="oc-6c">
         <name>.debug_info</name>
         <load_address>0x7266</load_address>
         <run_address>0x7266</run_address>
         <size>0x1a3</size>
         <input_file_ref idref="fl-3"/>
      </object_component>
      <object_component id="oc-35">
         <name>.debug_info</name>
         <load_address>0x7409</load_address>
         <run_address>0x7409</run_address>
         <size>0x84</size>
         <input_file_ref idref="fl-3"/>
      </object_component>
      <object_component id="oc-161">
         <name>.debug_info</name>
         <load_address>0x748d</load_address>
         <run_address>0x748d</run_address>
         <size>0xd5</size>
         <input_file_ref idref="fl-4"/>
      </object_component>
      <object_component id="oc-ad">
         <name>.debug_info</name>
         <load_address>0x7562</load_address>
         <run_address>0x7562</run_address>
         <size>0x247</size>
         <input_file_ref idref="fl-4"/>
      </object_component>
      <object_component id="oc-19e">
         <name>.debug_info</name>
         <load_address>0x77a9</load_address>
         <run_address>0x77a9</run_address>
         <size>0x3e5</size>
         <input_file_ref idref="fl-c0"/>
      </object_component>
      <object_component id="oc-19a">
         <name>.debug_info</name>
         <load_address>0x7b8e</load_address>
         <run_address>0x7b8e</run_address>
         <size>0x157</size>
         <input_file_ref idref="fl-c0"/>
      </object_component>
      <object_component id="oc-194">
         <name>.debug_info</name>
         <load_address>0x7ce5</load_address>
         <run_address>0x7ce5</run_address>
         <size>0x166</size>
         <input_file_ref idref="fl-c0"/>
      </object_component>
      <object_component id="oc-104">
         <name>.debug_info</name>
         <load_address>0x7e4b</load_address>
         <run_address>0x7e4b</run_address>
         <size>0x1ac</size>
         <input_file_ref idref="fl-c0"/>
      </object_component>
      <object_component id="oc-270">
         <name>.debug_info</name>
         <load_address>0x7ff7</load_address>
         <run_address>0x7ff7</run_address>
         <size>0xb2</size>
         <input_file_ref idref="fl-c0"/>
      </object_component>
      <object_component id="oc-247">
         <name>.debug_info</name>
         <load_address>0x80a9</load_address>
         <run_address>0x80a9</run_address>
         <size>0x590</size>
         <input_file_ref idref="fl-c1"/>
      </object_component>
      <object_component id="oc-213">
         <name>.debug_info</name>
         <load_address>0x8639</load_address>
         <run_address>0x8639</run_address>
         <size>0x21e</size>
         <input_file_ref idref="fl-c1"/>
      </object_component>
      <object_component id="oc-2c1">
         <name>.debug_info</name>
         <load_address>0x8857</load_address>
         <run_address>0x8857</run_address>
         <size>0x1b3</size>
         <input_file_ref idref="fl-c1"/>
      </object_component>
      <object_component id="oc-2c8">
         <name>.debug_info</name>
         <load_address>0x8a0a</load_address>
         <run_address>0x8a0a</run_address>
         <size>0x21b</size>
         <input_file_ref idref="fl-c1"/>
      </object_component>
      <object_component id="oc-21e">
         <name>.debug_info</name>
         <load_address>0x8c25</load_address>
         <run_address>0x8c25</run_address>
         <size>0x3c0</size>
         <input_file_ref idref="fl-c1"/>
      </object_component>
      <object_component id="oc-2ce">
         <name>.debug_info</name>
         <load_address>0x8fe5</load_address>
         <run_address>0x8fe5</run_address>
         <size>0x30a</size>
         <input_file_ref idref="fl-c1"/>
      </object_component>
      <object_component id="oc-2d4">
         <name>.debug_info</name>
         <load_address>0x92ef</load_address>
         <run_address>0x92ef</run_address>
         <size>0x215</size>
         <input_file_ref idref="fl-c1"/>
      </object_component>
      <object_component id="oc-223">
         <name>.debug_info</name>
         <load_address>0x9504</load_address>
         <run_address>0x9504</run_address>
         <size>0x215</size>
         <input_file_ref idref="fl-c1"/>
      </object_component>
      <object_component id="oc-229">
         <name>.debug_info</name>
         <load_address>0x9719</load_address>
         <run_address>0x9719</run_address>
         <size>0x304</size>
         <input_file_ref idref="fl-c1"/>
      </object_component>
      <object_component id="oc-230">
         <name>.debug_info</name>
         <load_address>0x9a1d</load_address>
         <run_address>0x9a1d</run_address>
         <size>0x4b5</size>
         <input_file_ref idref="fl-c1"/>
      </object_component>
      <object_component id="oc-187">
         <name>.debug_info</name>
         <load_address>0x9ed2</load_address>
         <run_address>0x9ed2</run_address>
         <size>0x5f4</size>
         <input_file_ref idref="fl-c1"/>
      </object_component>
      <object_component id="oc-248">
         <name>.debug_info</name>
         <load_address>0xa4c6</load_address>
         <run_address>0xa4c6</run_address>
         <size>0x86</size>
         <input_file_ref idref="fl-c1"/>
      </object_component>
      <object_component id="oc-303">
         <name>.debug_info</name>
         <load_address>0xa54c</load_address>
         <run_address>0xa54c</run_address>
         <size>0x39</size>
         <input_file_ref idref="fl-c1"/>
      </object_component>
      <object_component id="oc-371">
         <name>.debug_info</name>
         <load_address>0xa585</load_address>
         <run_address>0xa585</run_address>
         <size>0xb6</size>
         <input_file_ref idref="fl-c1"/>
      </object_component>
      <object_component id="oc-308">
         <name>.debug_info</name>
         <load_address>0xa63b</load_address>
         <run_address>0xa63b</run_address>
         <size>0x46</size>
         <input_file_ref idref="fl-c1"/>
      </object_component>
      <object_component id="oc-24d">
         <name>.debug_info</name>
         <load_address>0xa681</load_address>
         <run_address>0xa681</run_address>
         <size>0x46</size>
         <input_file_ref idref="fl-c1"/>
      </object_component>
      <object_component id="oc-2fe">
         <name>.debug_info</name>
         <load_address>0xa6c7</load_address>
         <run_address>0xa6c7</run_address>
         <size>0x2c</size>
         <input_file_ref idref="fl-c1"/>
      </object_component>
      <object_component id="oc-32d">
         <name>.debug_info</name>
         <load_address>0xa6f3</load_address>
         <run_address>0xa6f3</run_address>
         <size>0x383</size>
         <input_file_ref idref="fl-c2"/>
      </object_component>
      <object_component id="oc-268">
         <name>.debug_info</name>
         <load_address>0xaa76</load_address>
         <run_address>0xaa76</run_address>
         <size>0x1ea</size>
         <input_file_ref idref="fl-c2"/>
      </object_component>
      <object_component id="oc-32b">
         <name>.debug_info</name>
         <load_address>0xac60</load_address>
         <run_address>0xac60</run_address>
         <size>0x3fc</size>
         <input_file_ref idref="fl-c3"/>
      </object_component>
      <object_component id="oc-262">
         <name>.debug_info</name>
         <load_address>0xb05c</load_address>
         <run_address>0xb05c</run_address>
         <size>0x2e2</size>
         <input_file_ref idref="fl-c3"/>
      </object_component>
      <object_component id="oc-cd">
         <name>.debug_info</name>
         <load_address>0xb33e</load_address>
         <run_address>0xb33e</run_address>
         <size>0x2c</size>
         <input_file_ref idref="fl-c3"/>
      </object_component>
      <object_component id="oc-383">
         <name>.debug_info</name>
         <load_address>0xb36a</load_address>
         <run_address>0xb36a</run_address>
         <size>0x300</size>
         <input_file_ref idref="fl-c4"/>
      </object_component>
      <object_component id="oc-316">
         <name>.debug_info</name>
         <load_address>0xb66a</load_address>
         <run_address>0xb66a</run_address>
         <size>0x19c</size>
         <input_file_ref idref="fl-c4"/>
      </object_component>
      <object_component id="oc-3be">
         <name>.debug_info</name>
         <load_address>0xb806</load_address>
         <run_address>0xb806</run_address>
         <size>0xbf</size>
         <input_file_ref idref="fl-c4"/>
      </object_component>
      <object_component id="oc-3bd">
         <name>.debug_info</name>
         <load_address>0xb8c5</load_address>
         <run_address>0xb8c5</run_address>
         <size>0x374</size>
         <input_file_ref idref="fl-c5"/>
      </object_component>
      <object_component id="oc-37f">
         <name>.debug_info</name>
         <load_address>0xbc39</load_address>
         <run_address>0xbc39</run_address>
         <size>0x20b</size>
         <input_file_ref idref="fl-c5"/>
      </object_component>
      <object_component id="oc-2bd">
         <name>.debug_info</name>
         <load_address>0xbe44</load_address>
         <run_address>0xbe44</run_address>
         <size>0x14c</size>
         <input_file_ref idref="fl-c6"/>
      </object_component>
      <object_component id="oc-21a">
         <name>.debug_info</name>
         <load_address>0xbf90</load_address>
         <run_address>0xbf90</run_address>
         <size>0x128</size>
         <input_file_ref idref="fl-c7"/>
      </object_component>
      <object_component id="oc-2a7">
         <name>.debug_info</name>
         <load_address>0xc0b8</load_address>
         <run_address>0xc0b8</run_address>
         <size>0x12a</size>
         <input_file_ref idref="fl-c7"/>
      </object_component>
      <object_component id="oc-2a2">
         <name>.debug_info</name>
         <load_address>0xc1e2</load_address>
         <run_address>0xc1e2</run_address>
         <size>0x13a</size>
         <input_file_ref idref="fl-c8"/>
      </object_component>
      <object_component id="oc-29f">
         <name>.debug_info</name>
         <load_address>0xc31c</load_address>
         <run_address>0xc31c</run_address>
         <size>0x13a</size>
         <input_file_ref idref="fl-c9"/>
      </object_component>
      <object_component id="oc-2ae">
         <name>.debug_info</name>
         <load_address>0xc456</load_address>
         <run_address>0xc456</run_address>
         <size>0x12e</size>
         <input_file_ref idref="fl-ca"/>
      </object_component>
      <object_component id="oc-2b9">
         <name>.debug_info</name>
         <load_address>0xc584</load_address>
         <run_address>0xc584</run_address>
         <size>0x12c</size>
         <input_file_ref idref="fl-cb"/>
      </object_component>
      <object_component id="oc-3c">
         <name>.debug_info</name>
         <load_address>0xc6b0</load_address>
         <run_address>0xc6b0</run_address>
         <size>0x119</size>
         <input_file_ref idref="fl-cc"/>
      </object_component>
      <object_component id="oc-8f">
         <name>.debug_info</name>
         <load_address>0xc7c9</load_address>
         <run_address>0xc7c9</run_address>
         <size>0x147</size>
         <input_file_ref idref="fl-cd"/>
      </object_component>
      <object_component id="oc-296">
         <name>.debug_info</name>
         <load_address>0xc910</load_address>
         <run_address>0xc910</run_address>
         <size>0x134</size>
         <input_file_ref idref="fl-ce"/>
      </object_component>
      <object_component id="oc-8d">
         <name>.debug_info</name>
         <load_address>0xca44</load_address>
         <run_address>0xca44</run_address>
         <size>0x2d4</size>
         <input_file_ref idref="fl-cf"/>
      </object_component>
      <object_component id="oc-47">
         <name>.debug_info</name>
         <load_address>0xcd18</load_address>
         <run_address>0xcd18</run_address>
         <size>0x1d2</size>
         <input_file_ref idref="fl-cf"/>
      </object_component>
      <object_component id="oc-88">
         <name>.debug_info</name>
         <load_address>0xceea</load_address>
         <run_address>0xceea</run_address>
         <size>0x46</size>
         <input_file_ref idref="fl-cf"/>
      </object_component>
      <object_component id="oc-45">
         <name>.debug_info</name>
         <load_address>0xcf30</load_address>
         <run_address>0xcf30</run_address>
         <size>0x2a8</size>
         <input_file_ref idref="fl-d0"/>
      </object_component>
      <object_component id="oc-1e">
         <name>.debug_info</name>
         <load_address>0xd1d8</load_address>
         <run_address>0xd1d8</run_address>
         <size>0x1ea</size>
         <input_file_ref idref="fl-d0"/>
      </object_component>
      <object_component id="oc-40">
         <name>.debug_info</name>
         <load_address>0xd3c2</load_address>
         <run_address>0xd3c2</run_address>
         <size>0x46</size>
         <input_file_ref idref="fl-d0"/>
      </object_component>
      <object_component id="oc-80">
         <name>.debug_info</name>
         <load_address>0xd408</load_address>
         <run_address>0xd408</run_address>
         <size>0x2c</size>
         <input_file_ref idref="fl-d0"/>
      </object_component>
      <object_component id="oc-7e">
         <name>.debug_info</name>
         <load_address>0xd434</load_address>
         <run_address>0xd434</run_address>
         <size>0x29e</size>
         <input_file_ref idref="fl-d1"/>
      </object_component>
      <object_component id="oc-18">
         <name>.debug_info</name>
         <load_address>0xd6d2</load_address>
         <run_address>0xd6d2</run_address>
         <size>0x250</size>
         <input_file_ref idref="fl-d1"/>
      </object_component>
      <object_component id="oc-30">
         <name>.debug_info</name>
         <load_address>0xd922</load_address>
         <run_address>0xd922</run_address>
         <size>0x60</size>
         <input_file_ref idref="fl-d1"/>
      </object_component>
      <object_component id="oc-c6">
         <name>.debug_info</name>
         <load_address>0xd982</load_address>
         <run_address>0xd982</run_address>
         <size>0x46</size>
         <input_file_ref idref="fl-d1"/>
      </object_component>
      <object_component id="oc-79">
         <name>.debug_info</name>
         <load_address>0xd9c8</load_address>
         <run_address>0xd9c8</run_address>
         <size>0x39</size>
         <input_file_ref idref="fl-d1"/>
      </object_component>
      <object_component id="oc-1b6">
         <name>.debug_info</name>
         <load_address>0xda01</load_address>
         <run_address>0xda01</run_address>
         <size>0x3ad</size>
         <input_file_ref idref="fl-d2"/>
      </object_component>
      <object_component id="oc-1b3">
         <name>.debug_info</name>
         <load_address>0xddae</load_address>
         <run_address>0xddae</run_address>
         <size>0x190</size>
         <input_file_ref idref="fl-d2"/>
      </object_component>
      <object_component id="oc-124">
         <name>.debug_info</name>
         <load_address>0xdf3e</load_address>
         <run_address>0xdf3e</run_address>
         <size>0x122</size>
         <input_file_ref idref="fl-d2"/>
      </object_component>
      <object_component id="oc-12a">
         <name>.debug_info</name>
         <load_address>0xe060</load_address>
         <run_address>0xe060</run_address>
         <size>0x184</size>
         <input_file_ref idref="fl-d2"/>
      </object_component>
      <object_component id="oc-25a">
         <name>.debug_info</name>
         <load_address>0xe1e4</load_address>
         <run_address>0xe1e4</run_address>
         <size>0x2c9</size>
         <input_file_ref idref="fl-d3"/>
      </object_component>
      <object_component id="oc-18c">
         <name>.debug_info</name>
         <load_address>0xe4ad</load_address>
         <run_address>0xe4ad</run_address>
         <size>0x11e</size>
         <input_file_ref idref="fl-d3"/>
      </object_component>
      <object_component id="oc-255">
         <name>.debug_info</name>
         <load_address>0xe5cb</load_address>
         <run_address>0xe5cb</run_address>
         <size>0x12e</size>
         <input_file_ref idref="fl-d3"/>
      </object_component>
      <object_component id="oc-34c">
         <name>.debug_info</name>
         <load_address>0xe6f9</load_address>
         <run_address>0xe6f9</run_address>
         <size>0x29c</size>
         <input_file_ref idref="fl-d4"/>
      </object_component>
      <object_component id="oc-2b4">
         <name>.debug_info</name>
         <load_address>0xe995</load_address>
         <run_address>0xe995</run_address>
         <size>0x1da</size>
         <input_file_ref idref="fl-d4"/>
      </object_component>
      <object_component id="oc-294">
         <name>.debug_info</name>
         <load_address>0xeb6f</load_address>
         <run_address>0xeb6f</run_address>
         <size>0x2b9</size>
         <input_file_ref idref="fl-d5"/>
      </object_component>
      <object_component id="oc-20d">
         <name>.debug_info</name>
         <load_address>0xee28</load_address>
         <run_address>0xee28</run_address>
         <size>0x17c</size>
         <input_file_ref idref="fl-d5"/>
      </object_component>
      <object_component id="oc-33e">
         <name>.debug_info</name>
         <load_address>0xefa4</load_address>
         <run_address>0xefa4</run_address>
         <size>0xf9</size>
         <input_file_ref idref="fl-d6"/>
      </object_component>
      <object_component id="oc-291">
         <name>.debug_info</name>
         <load_address>0xf09d</load_address>
         <run_address>0xf09d</run_address>
         <size>0x105</size>
         <input_file_ref idref="fl-d6"/>
      </object_component>
      <object_component id="oc-25e">
         <name>.debug_info</name>
         <load_address>0xf1a2</load_address>
         <run_address>0xf1a2</run_address>
         <size>0x144</size>
         <input_file_ref idref="fl-d7"/>
      </object_component>
      <object_component id="oc-18f">
         <name>.debug_info</name>
         <load_address>0xf2e6</load_address>
         <run_address>0xf2e6</run_address>
         <size>0x102</size>
         <input_file_ref idref="fl-d7"/>
      </object_component>
      <object_component id="oc-3fa">
         <name>.debug_info</name>
         <load_address>0xf3e8</load_address>
         <run_address>0xf3e8</run_address>
         <size>0x18f</size>
         <input_file_ref idref="fl-d7"/>
      </object_component>
      <object_component id="oc-2ef">
         <name>.debug_info</name>
         <load_address>0xf577</load_address>
         <run_address>0xf577</run_address>
         <size>0x2a7</size>
         <input_file_ref idref="fl-d8"/>
      </object_component>
      <object_component id="oc-236">
         <name>.debug_info</name>
         <load_address>0xf81e</load_address>
         <run_address>0xf81e</run_address>
         <size>0x1b8</size>
         <input_file_ref idref="fl-d8"/>
      </object_component>
      <object_component id="oc-385">
         <name>.debug_info</name>
         <load_address>0xf9d6</load_address>
         <run_address>0xf9d6</run_address>
         <size>0x2a5</size>
         <input_file_ref idref="fl-d9"/>
      </object_component>
      <object_component id="oc-31b">
         <name>.debug_info</name>
         <load_address>0xfc7b</load_address>
         <run_address>0xfc7b</run_address>
         <size>0x25d</size>
         <input_file_ref idref="fl-d9"/>
      </object_component>
      <object_component id="oc-75">
         <name>.debug_info</name>
         <load_address>0xfed8</load_address>
         <run_address>0xfed8</run_address>
         <size>0x3b2</size>
         <input_file_ref idref="fl-da"/>
      </object_component>
      <object_component id="oc-2a">
         <name>.debug_info</name>
         <load_address>0x1028a</load_address>
         <run_address>0x1028a</run_address>
         <size>0x10c</size>
         <input_file_ref idref="fl-da"/>
      </object_component>
      <object_component id="oc-430">
         <name>.debug_info</name>
         <load_address>0x10396</load_address>
         <run_address>0x10396</run_address>
         <size>0x13f</size>
         <input_file_ref idref="fl-da"/>
      </object_component>
      <object_component id="oc-3b1">
         <name>.debug_info</name>
         <load_address>0x104d5</load_address>
         <run_address>0x104d5</run_address>
         <size>0x168</size>
         <input_file_ref idref="fl-da"/>
      </object_component>
      <object_component id="oc-3e0">
         <name>.debug_info</name>
         <load_address>0x1063d</load_address>
         <run_address>0x1063d</run_address>
         <size>0x18e</size>
         <input_file_ref idref="fl-da"/>
      </object_component>
      <object_component id="oc-3e7">
         <name>.debug_info</name>
         <load_address>0x107cb</load_address>
         <run_address>0x107cb</run_address>
         <size>0x19f</size>
         <input_file_ref idref="fl-da"/>
      </object_component>
      <object_component id="oc-3ac">
         <name>.debug_info</name>
         <load_address>0x1096a</load_address>
         <run_address>0x1096a</run_address>
         <size>0x203</size>
         <input_file_ref idref="fl-da"/>
      </object_component>
      <object_component id="oc-437">
         <name>.debug_info</name>
         <load_address>0x10b6d</load_address>
         <run_address>0x10b6d</run_address>
         <size>0x1db</size>
         <input_file_ref idref="fl-da"/>
      </object_component>
      <object_component id="oc-3ed">
         <name>.debug_info</name>
         <load_address>0x10d48</load_address>
         <run_address>0x10d48</run_address>
         <size>0x299</size>
         <input_file_ref idref="fl-da"/>
      </object_component>
      <object_component id="oc-c1">
         <name>.debug_info</name>
         <load_address>0x10fe1</load_address>
         <run_address>0x10fe1</run_address>
         <size>0xb2</size>
         <input_file_ref idref="fl-da"/>
      </object_component>
      <object_component id="oc-bc">
         <name>.debug_info</name>
         <load_address>0x11093</load_address>
         <run_address>0x11093</run_address>
         <size>0x2c</size>
         <input_file_ref idref="fl-da"/>
      </object_component>
      <object_component id="oc-363">
         <name>.debug_info</name>
         <load_address>0x110bf</load_address>
         <run_address>0x110bf</run_address>
         <size>0x29a</size>
         <input_file_ref idref="fl-db"/>
      </object_component>
      <object_component id="oc-2e9">
         <name>.debug_info</name>
         <load_address>0x11359</load_address>
         <run_address>0x11359</run_address>
         <size>0x262</size>
         <input_file_ref idref="fl-db"/>
      </object_component>
      <object_component id="oc-28f">
         <name>.debug_info</name>
         <load_address>0x115bb</load_address>
         <run_address>0x115bb</run_address>
         <size>0x28f</size>
         <input_file_ref idref="fl-dc"/>
      </object_component>
      <object_component id="oc-208">
         <name>.debug_info</name>
         <load_address>0x1184a</load_address>
         <run_address>0x1184a</run_address>
         <size>0x245</size>
         <input_file_ref idref="fl-dc"/>
      </object_component>
      <object_component id="oc-2d">
         <name>.debug_info</name>
         <load_address>0x11a8f</load_address>
         <run_address>0x11a8f</run_address>
         <size>0x10b</size>
         <input_file_ref idref="fl-dd"/>
      </object_component>
      <object_component id="oc-59">
         <name>.debug_info</name>
         <load_address>0x11b9a</load_address>
         <run_address>0x11b9a</run_address>
         <size>0x1a9</size>
         <input_file_ref idref="fl-dd"/>
      </object_component>
      <object_component id="oc-38c">
         <name>.debug_info</name>
         <load_address>0x11d43</load_address>
         <run_address>0x11d43</run_address>
         <size>0x397</size>
         <input_file_ref idref="fl-de"/>
      </object_component>
      <object_component id="oc-326">
         <name>.debug_info</name>
         <load_address>0x120da</load_address>
         <run_address>0x120da</run_address>
         <size>0x18f</size>
         <input_file_ref idref="fl-de"/>
      </object_component>
      <object_component id="oc-3d1">
         <name>.debug_info</name>
         <load_address>0x12269</load_address>
         <run_address>0x12269</run_address>
         <size>0x120</size>
         <input_file_ref idref="fl-de"/>
      </object_component>
      <object_component id="oc-3d6">
         <name>.debug_info</name>
         <load_address>0x12389</load_address>
         <run_address>0x12389</run_address>
         <size>0x2c</size>
         <input_file_ref idref="fl-de"/>
      </object_component>
      <object_component id="oc-3ce">
         <name>.debug_info</name>
         <load_address>0x123b5</load_address>
         <run_address>0x123b5</run_address>
         <size>0x337</size>
         <input_file_ref idref="fl-df"/>
      </object_component>
      <object_component id="oc-3ca">
         <name>.debug_info</name>
         <load_address>0x126ec</load_address>
         <run_address>0x126ec</run_address>
         <size>0x109</size>
         <input_file_ref idref="fl-df"/>
      </object_component>
      <object_component id="oc-389">
         <name>.debug_info</name>
         <load_address>0x127f5</load_address>
         <run_address>0x127f5</run_address>
         <size>0x109</size>
         <input_file_ref idref="fl-df"/>
      </object_component>
      <object_component id="oc-2fb">
         <name>.debug_info</name>
         <load_address>0x128fe</load_address>
         <run_address>0x128fe</run_address>
         <size>0x289</size>
         <input_file_ref idref="fl-e0"/>
      </object_component>
      <object_component id="oc-2f8">
         <name>.debug_info</name>
         <load_address>0x12b87</load_address>
         <run_address>0x12b87</run_address>
         <size>0x10e</size>
         <input_file_ref idref="fl-e0"/>
      </object_component>
      <object_component id="oc-244">
         <name>.debug_info</name>
         <load_address>0x12c95</load_address>
         <run_address>0x12c95</run_address>
         <size>0x14e</size>
         <input_file_ref idref="fl-e0"/>
      </object_component>
      <object_component id="oc-2f6">
         <name>.debug_info</name>
         <load_address>0x12de3</load_address>
         <run_address>0x12de3</run_address>
         <size>0x28f</size>
         <input_file_ref idref="fl-e1"/>
      </object_component>
      <object_component id="oc-23e">
         <name>.debug_info</name>
         <load_address>0x13072</load_address>
         <run_address>0x13072</run_address>
         <size>0x15a</size>
         <input_file_ref idref="fl-e1"/>
      </object_component>
      <object_component id="oc-366">
         <name>.debug_info</name>
         <load_address>0x131cc</load_address>
         <run_address>0x131cc</run_address>
         <size>0x46</size>
         <input_file_ref idref="fl-e1"/>
      </object_component>
      <object_component id="oc-2f1">
         <name>.debug_info</name>
         <load_address>0x13212</load_address>
         <run_address>0x13212</run_address>
         <size>0x39</size>
         <input_file_ref idref="fl-e1"/>
      </object_component>
      <object_component id="oc-354">
         <name>.debug_info</name>
         <load_address>0x1324b</load_address>
         <run_address>0x1324b</run_address>
         <size>0x295</size>
         <input_file_ref idref="fl-e2"/>
      </object_component>
      <object_component id="oc-2de">
         <name>.debug_info</name>
         <load_address>0x134e0</load_address>
         <run_address>0x134e0</run_address>
         <size>0x195</size>
         <input_file_ref idref="fl-e2"/>
      </object_component>
      <object_component id="oc-398">
         <name>.debug_info</name>
         <load_address>0x13675</load_address>
         <run_address>0x13675</run_address>
         <size>0x39</size>
         <input_file_ref idref="fl-e2"/>
[...]
         <value>0x26b7</value>
         <object_component_ref idref="oc-8e"/>
      </symbol>
      <symbol id="sm-3d7">
         <name>memset</name>
         <value>0x26bd</value>
         <object_component_ref idref="oc-8e"/>
      </symbol>
      <symbol id="sm-3d8">
         <name>__aeabi_memset8</name>
         <value>0x26b7</value>
         <object_component_ref idref="oc-8e"/>
      </symbol>
      <symbol id="sm-3d9">
         <name>__aeabi_memset4</name>
         <value>0x26b7</value>
         <object_component_ref idref="oc-8e"/>
      </symbol>
      <symbol id="sm-3da">
         <name>__aeabi_memclr8</name>
         <value>0x26b5</value>
         <object_component_ref idref="oc-8e"/>
      </symbol>
      <symbol id="sm-3db">
         <name>__aeabi_memclr4</name>
         <value>0x26b5</value>
         <object_component_ref idref="oc-8e"/>
      </symbol>
      <symbol id="sm-3dc">
         <name>__aeabi_memclr</name>
         <value>0x26b5</value>
         <object_component_ref idref="oc-8e"/>
      </symbol>
      <symbol id="sm-3e9">
         <name>__aeabi_uldivmod</name>
         <value>0x23ff</value>
         <object_component_ref idref="oc-295"/>
      </symbol>
      <symbol id="sm-3fd">
         <name>__TI_zero_init_nomemset</name>
         <value>0x33ad</value>
         <object_component_ref idref="oc-46"/>
      </symbol>
      <symbol id="sm-414">
         <name>__TI_decompress_none</name>
         <value>0x3499</value>
         <object_component_ref idref="oc-1d"/>
      </symbol>
      <symbol id="sm-437">
         <name>__TI_decompress_lzss</name>
         <value>0x29c1</value>
         <object_component_ref idref="oc-17"/>
      </symbol>
      <symbol id="sm-45d">
         <name>C$$EXIT</name>
         <value>0x34d1</value>
         <object_component_ref idref="oc-122"/>
      </symbol>
      <symbol id="sm-45e">
         <name>abort</name>
         <value>0x34d1</value>
         <object_component_ref idref="oc-122"/>
      </symbol>
      <symbol id="sm-45f">
         <name>__TI_dtors_ptr</name>
         <value>0x20000604</value>
         <object_component_ref idref="oc-1b2"/>
      </symbol>
      <symbol id="sm-460">
         <name>__TI_cleanup_ptr</name>
         <value>0x20000600</value>
         <object_component_ref idref="oc-1b2"/>
      </symbol>
      <symbol id="sm-461">
         <name>__TI_enable_exit_profile_output</name>
         <value>0x20000608</value>
         <object_component_ref idref="oc-1b2"/>
      </symbol>
      <symbol id="sm-462">
         <name>exit</name>
         <value>0x2f0d</value>
         <object_component_ref idref="oc-128"/>
      </symbol>
      <symbol id="sm-477">
         <name>_nop</name>
         <value>0xb33</value>
         <object_component_ref idref="oc-252"/>
      </symbol>
      <symbol id="sm-478">
         <name>_lock</name>
         <value>0x2000060c</value>
         <object_component_ref idref="oc-18b"/>
      </symbol>
      <symbol id="sm-479">
         <name>_unlock</name>
         <value>0x20000610</value>
         <object_component_ref idref="oc-18b"/>
      </symbol>
      <symbol id="sm-488">
         <name>__TI_ltoa</name>
         <value>0x2d7f</value>
         <object_component_ref idref="oc-2b0"/>
      </symbol>
      <symbol id="sm-49e">
         <name>atoi</name>
         <value>0x2ec1</value>
         <object_component_ref idref="oc-20b"/>
      </symbol>
      <symbol id="sm-4a9">
         <name>_ctypes_</name>
         <value>0x34d4</value>
         <object_component_ref idref="oc-290"/>
      </symbol>
      <symbol id="sm-4be">
         <name>__TI_tmpnams</name>
         <value>0x2000074c</value>
      </symbol>
      <symbol id="sm-4bf">
         <name>__aeabi_stdout</name>
         <value>0x200005f8</value>
         <object_component_ref idref="oc-3f9"/>
      </symbol>
      <symbol id="sm-4c0">
         <name>__aeabi_stderr</name>
         <value>0x200005fc</value>
         <object_component_ref idref="oc-3f9"/>
      </symbol>
      <symbol id="sm-4c1">
         <name>__aeabi_stdin</name>
         <value>0x200005f4</value>
         <object_component_ref idref="oc-3f9"/>
      </symbol>
      <symbol id="sm-4c2">
         <name>_ftable</name>
         <value>0x20000400</value>
         <object_component_ref idref="oc-18e"/>
      </symbol>
      <symbol id="sm-4c3">
         <name>__TI_ft_end</name>
         <value>0x200005f0</value>
         <object_component_ref idref="oc-3f9"/>
      </symbol>
      <symbol id="sm-4d3">
         <name>memccpy</name>
         <value>0x33e5</value>
         <object_component_ref idref="oc-234"/>
      </symbol>
      <symbol id="sm-4e3">
         <name>memchr</name>
         <value>0x338d</value>
         <object_component_ref idref="oc-318"/>
      </symbol>
      <symbol id="sm-56c">
         <name>_sys_memory</name>
         <value>0x20000000</value>
         <object_component_ref idref="oc-29"/>
      </symbol>
      <symbol id="sm-56d">
         <name>free</name>
         <value>0x20f1</value>
         <object_component_ref idref="oc-3aa"/>
      </symbol>
      <symbol id="sm-56e">
         <name>memalign</name>
         <value>0x1ef5</value>
         <object_component_ref idref="oc-3ec"/>
      </symbol>
      <symbol id="sm-56f">
         <name>malloc</name>
         <value>0x34bd</value>
         <object_component_ref idref="oc-3b0"/>
      </symbol>
      <symbol id="sm-570">
         <name>aligned_alloc</name>
         <value>0x1ef5</value>
         <object_component_ref idref="oc-3ec"/>
      </symbol>
      <symbol id="sm-580">
         <name>strchr</name>
         <value>0x3449</value>
         <object_component_ref idref="oc-2e7"/>
      </symbol>
      <symbol id="sm-58e">
         <name>strlen</name>
         <value>0x3473</value>
         <object_component_ref idref="oc-205"/>
      </symbol>
      <symbol id="sm-5a1">
         <name>__stack</name>
         <value>0x2000fe00</value>
         <object_component_ref idref="oc-2c"/>
      </symbol>
      <symbol id="sm-5a2">
         <name>_c_int00_noargs</name>
         <value>0x3205</value>
         <object_component_ref idref="oc-58"/>
      </symbol>
      <symbol id="sm-5bc">
         <name>write</name>
         <value>0x3365</value>
         <object_component_ref idref="oc-324"/>
      </symbol>
      <symbol id="sm-5cd">
         <name>_stream</name>
         <value>0x20000568</value>
         <object_component_ref idref="oc-388"/>
      </symbol>
      <symbol id="sm-5ce">
         <name>_device</name>
         <value>0x200004f0</value>
         <object_component_ref idref="oc-3c9"/>
      </symbol>
      <symbol id="sm-5e4">
         <name>__aeabi_errno_addr</name>
         <value>0x34b5</value>
         <object_component_ref idref="oc-240"/>
      </symbol>
      <symbol id="sm-5e5">
         <name>errno</name>
         <value>0x20000624</value>
         <object_component_ref idref="oc-2f7"/>
      </symbol>
      <symbol id="sm-5fe">
         <name>wcslen</name>
         <value>0x3487</value>
         <object_component_ref idref="oc-23a"/>
      </symbol>
      <symbol id="sm-61e">
         <name>frexpl</name>
         <value>0x2a91</value>
         <object_component_ref idref="oc-2db"/>
      </symbol>
      <symbol id="sm-61f">
         <name>frexp</name>
         <value>0x2a91</value>
         <object_component_ref idref="oc-2db"/>
      </symbol>
      <symbol id="sm-63c">
         <name>scalbn</name>
         <value>0x1de5</value>
         <object_component_ref idref="oc-2e1"/>
      </symbol>
      <symbol id="sm-63d">
         <name>scalbnl</name>
         <value>0x1de5</value>
         <object_component_ref idref="oc-2e1"/>
      </symbol>
      <symbol id="sm-63e">
         <name>ldexpl</name>
         <value>0x1de5</value>
         <object_component_ref idref="oc-2e1"/>
      </symbol>
      <symbol id="sm-63f">
         <name>ldexp</name>
         <value>0x1de5</value>
         <object_component_ref idref="oc-2e1"/>
      </symbol>
      <symbol id="sm-64f">
         <name>__TI_doflush</name>
         <value>0x2e73</value>
         <object_component_ref idref="oc-31e"/>
      </symbol>
      <symbol id="sm-65f">
         <name>__TI_cleanup</name>
         <value>0x319d</value>
         <object_component_ref idref="oc-3b6"/>
      </symbol>
      <symbol id="sm-671">
         <name>fseek</name>
         <value>0x2af5</value>
         <object_component_ref idref="oc-376"/>
      </symbol>
      <symbol id="sm-67b">
         <name>__aeabi_idiv0</name>
         <value>0x17f3</value>
         <object_component_ref idref="oc-341"/>
      </symbol>
      <symbol id="sm-67c">
         <name>__aeabi_ldiv0</name>
         <value>0x17f3</value>
         <object_component_ref idref="oc-341"/>
      </symbol>
      <symbol id="sm-6a4">
         <name>__TI_auto_init_nobinit_nopinit</name>
         <value>0x3025</value>
         <object_component_ref idref="oc-12e"/>
      </symbol>
      <symbol id="sm-6ae">
         <name>_system_pre_init</name>
         <value>0x34cd</value>
         <object_component_ref idref="oc-94"/>
      </symbol>
      <symbol id="sm-6c1">
         <name>HOSTclose</name>
         <value>0x2f9d</value>
         <object_component_ref idref="oc-405"/>
      </symbol>
      <symbol id="sm-6d2">
         <name>HOSTlseek</name>
         <value>0x28f1</value>
         <object_component_ref idref="oc-417"/>
      </symbol>
      <symbol id="sm-6e4">
         <name>parmbuf</name>
         <value>0x200007ec</value>
      </symbol>
      <symbol id="sm-6e5">
         <name>HOSTopen</name>
         <value>0x2bbd</value>
         <object_component_ref idref="oc-3ff"/>
      </symbol>
      <symbol id="sm-6f6">
         <name>HOSTread</name>
         <value>0x2c79</value>
         <object_component_ref idref="oc-40b"/>
      </symbol>
      <symbol id="sm-707">
         <name>HOSTrename</name>
         <value>0x2885</value>
         <object_component_ref idref="oc-423"/>
      </symbol>
      <symbol id="sm-718">
         <name>HOSTunlink</name>
         <value>0x2fe1</value>
         <object_component_ref idref="oc-41d"/>
      </symbol>
      <symbol id="sm-729">
         <name>HOSTwrite</name>
         <value>0x2cd1</value>
         <object_component_ref idref="oc-411"/>
      </symbol>
      <symbol id="sm-74d">
         <name>__TI_readmsg</name>
         <value>0x31d1</value>
         <object_component_ref idref="oc-452"/>
      </symbol>
      <symbol id="sm-74e">
         <name>C$$IO$$</name>
         <value>0x315b</value>
         <object_component_ref idref="oc-44c"/>
      </symbol>
      <symbol id="sm-74f">
         <name>__CIOBUF_</name>
         <value>0x2000062c</value>
         <object_component_ref idref="oc-47d"/>
      </symbol>
      <symbol id="sm-750">
         <name>__TI_writemsg</name>
         <value>0x312d</value>
         <object_component_ref idref="oc-44c"/>
      </symbol>
      <symbol id="sm-761">
         <name>lseek</name>
         <value>0x333d</value>
         <object_component_ref idref="oc-3a2"/>
      </symbol>
      <symbol id="sm-76b">
         <name>copysign</name>
         <value>0x3401</value>
         <object_component_ref idref="oc-35a"/>
      </symbol>
      <symbol id="sm-76c">
         <name>copysignl</name>
         <value>0x3401</value>
         <object_component_ref idref="oc-35a"/>
      </symbol>
      <symbol id="sm-781">
         <name>__TI_closefile</name>
         <value>0x2731</value>
         <object_component_ref idref="oc-3f3"/>
      </symbol>
      <symbol id="sm-7a4">
         <name>finddevice</name>
         <value>0x3239</value>
         <object_component_ref idref="oc-49b"/>
      </symbol>
      <symbol id="sm-7a5">
         <name>getdevice</name>
         <value>0x3069</value>
         <object_component_ref idref="oc-473"/>
      </symbol>
      <symbol id="sm-7b4">
         <name>strcmp</name>
         <value>0x341b</value>
         <object_component_ref idref="oc-4b2"/>
      </symbol>
      <symbol id="sm-7c2">
         <name>strcpy</name>
         <value>0x345f</value>
         <object_component_ref idref="oc-466"/>
      </symbol>
      <symbol id="sm-7d2">
         <name>strncpy</name>
         <value>0x3165</value>
         <object_component_ref idref="oc-495"/>
      </symbol>
      <symbol id="sm-7e7">
         <name>close</name>
         <value>0x2c1d</value>
         <object_component_ref idref="oc-43b"/>
      </symbol>
      <symbol id="sm-7f7">
         <name>unlink</name>
         <value>0x3299</value>
         <object_component_ref idref="oc-441"/>
      </symbol>
      <symbol id="sm-84e">
         <name>GPIO_setOutputHighOnPin</name>
         <value>0x32c5</value>
         <object_component_ref idref="oc-ee"/>
      </symbol>
      <symbol id="sm-84f">
         <name>GPIO_setAsOutputPin</name>
         <value>0x30ad</value>
         <object_component_ref idref="oc-e8"/>
      </symbol>
      <symbol id="sm-850">
         <name>GPIO_setOutputLowOnPin</name>
         <value>0x32ed</value>
         <object_component_ref idref="oc-f4"/>
      </symbol>
      <symbol id="sm-851">
         <name>GPIO_setAsPeripheralModuleFunctionOutputPin</name>
         <value>0x2521</value>
         <object_component_ref idref="oc-e2"/>
      </symbol>
      <symbol id="sm-890">
         <name>Timer_A_initCompare</name>
         <value>0x2e25</value>
         <object_component_ref idref="oc-fa"/>
      </symbol>
      <symbol id="sm-891">
         <name>Timer_A_startCounter</name>
         <value>0x3433</value>
         <object_component_ref idref="oc-dc"/>
      </symbol>
      <symbol id="sm-892">
         <name>Timer_A_configureUpMode</name>
         <value>0x2959</value>
         <object_component_ref idref="oc-d6"/>
      </symbol>
      <symbol id="sm-894">
         <name>__TI_static_base__</name>
         <value>0x0</value>
      </symbol>
      <symbol id="sm-897">
         <name>__mpu_init</name>
         <value>0x0</value>
      </symbol>
      <symbol id="sm-898">
         <name>_system_post_cinit</name>
         <value>0x0</value>
      </symbol>
      <symbol id="sm-899">
         <name>NMI_Handler</name>
         <value>0x34b3</value>
      </symbol>
      <symbol id="sm-89a">
         <name>HardFault_Handler</name>
         <value>0x34b3</value>
      </symbol>
      <symbol id="sm-89b">
         <name>MemManage_Handler</name>
         <value>0x34b3</value>
      </symbol>
      <symbol id="sm-89c">
         <name>BusFault_Handler</name>
         <value>0x34b3</value>
      </symbol>
      <symbol id="sm-89d">
         <name>UsageFault_Handler</name>
         <value>0x34b3</value>
      </symbol>
      <symbol id="sm-89e">
         <name>SVC_Handler</name>
         <value>0x34b3</value>
      </symbol>
      <symbol id="sm-89f">
         <name>DebugMon_Handler</name>
         <value>0x34b3</value>
      </symbol>
      <symbol id="sm-8a0">
         <name>PendSV_Handler</name>
         <value>0x34b3</value>
      </symbol>
      <symbol id="sm-8a1">
         <name>SysTick_Handler</name>
         <value>0x34b3</value>
      </symbol>
      <symbol id="sm-8a2">
         <name>PSS_IRQHandler</name>
         <value>0x34b3</value>
      </symbol>
      <symbol id="sm-8a3">
         <name>CS_IRQHandler</name>
         <value>0x34b3</value>
      </symbol>
      <symbol id="sm-8a4">
         <name>PCM_IRQHandler</name>
         <value>0x34b3</value>
      </symbol>
      <symbol id="sm-8a5">
         <name>WDT_A_IRQHandler</name>
         <value>0x34b3</value>
      </symbol>
      <symbol id="sm-8a6">
         <name>FPU_IRQHandler</name>
         <value>0x34b3</value>
      </symbol>
      <symbol id="sm-8a7">
         <name>FLCTL_IRQHandler</name>
         <value>0x34b3</value>
      </symbol>
      <symbol id="sm-8a8">
         <name>COMP_E0_IRQHandler</name>
         <value>0x34b3</value>
      </symbol>
      <symbol id="sm-8a9">
         <name>COMP_E1_IRQHandler</name>
         <value>0x34b3</value>
      </symbol>
      <symbol id="sm-8aa">
         <name>TA0_0_IRQHandler</name>
         <value>0x34b3</value>
      </symbol>
      <symbol id="sm-8ab">
         <name>TA0_N_IRQHandler</name>
         <value>0x34b3</value>
      </symbol>
      <symbol id="sm-8ac">
         <name>TA1_0_IRQHandler</name>
         <value>0x34b3</value>
      </symbol>
      <symbol id="sm-8ad">
         <name>TA1_N_IRQHandler</name>
         <value>0x34b3</value>
      </symbol>
      <symbol id="sm-8ae">
         <name>TA2_0_IRQHandler</name>
         <value>0x34b3</value>
      </symbol>
      <symbol id="sm-8af">
         <name>TA2_N_IRQHandler</name>
         <value>0x34b3</value>
      </symbol>
      <symbol id="sm-8b0">
         <name>TA3_0_IRQHandler</name>
         <value>0x34b3</value>
      </symbol>
      <symbol id="sm-8b1">
         <name>TA3_N_IRQHandler</name>
         <value>0x34b3</value>
      </symbol>
      <symbol id="sm-8b2">
         <name>EUSCIA0_IRQHandler</name>
         <value>0x34b3</value>
      </symbol>
      <symbol id="sm-8b3">
         <name>EUSCIA1_IRQHandler</name>
         <value>0x34b3</value>
      </symbol>
      <symbol id="sm-8b4">
         <name>EUSCIA2_IRQHandler</name>
         <value>0x34b3</value>
      </symbol>
      <symbol id="sm-8b5">
         <name>EUSCIA3_IRQHandler</name>
         <value>0x34b3</value>
      </symbol>
      <symbol id="sm-8b6">
         <name>EUSCIB0_IRQHandler</name>
         <value>0x34b3</value>
      </symbol>
      <symbol id="sm-8b7">
         <name>EUSCIB1_IRQHandler</name>
         <value>0x34b3</value>
      </symbol>
      <symbol id="sm-8b8">
         <name>EUSCIB2_IRQHandler</name>
         <value>0x34b3</value>
      </symbol>
      <symbol id="sm-8b9">
         <name>EUSCIB3_IRQHandler</name>
         <value>0x34b3</value>
      </symbol>
      <symbol id="sm-8ba">
         <name>ADC14_IRQHandler</name>
         <value>0x34b3</value>
      </symbol>
      <symbol id="sm-8bb">
         <name>T32_INT1_IRQHandler</name>
         <value>0x34b3</value>
      </symbol>
      <symbol id="sm-8bc">
         <name>T32_INT2_IRQHandler</name>
         <value>0x34b3</value>
      </symbol>
      <symbol id="sm-8bd">
         <name>T32_INTC_IRQHandler</name>
         <value>0x34b3</value>
      </symbol>
      <symbol id="sm-8be">
         <name>AES256_IRQHandler</name>
         <value>0x34b3</value>
      </symbol>
      <symbol id="sm-8bf">
         <name>RTC_C_IRQHandler</name>
         <value>0x34b3</value>
      </symbol>
      <symbol id="sm-8c0">
         <name>DMA_ERR_IRQHandler</name>
         <value>0x34b3</value>
      </symbol>
      <symbol id="sm-8c1">
         <name>DMA_INT3_IRQHandler</name>
         <value>0x34b3</value>
      </symbol>
      <symbol id="sm-8c2">
         <name>DMA_INT2_IRQHandler</name>
         <value>0x34b3</value>
      </symbol>
      <symbol id="sm-8c3">
         <name>DMA_INT1_IRQHandler</name>
         <value>0x34b3</value>
      </symbol>
      <symbol id="sm-8c4">
         <name>DMA_INT0_IRQHandler</name>
         <value>0x34b3</value>
      </symbol>
      <symbol id="sm-8c5">
         <name>PORT1_IRQHandler</name>
         <value>0x34b3</value>
      </symbol>
      <symbol id="sm-8c6">
         <name>PORT2_IRQHandler</name>
         <value>0x34b3</value>
      </symbol>
      <symbol id="sm-8c7">
         <name>PORT3_IRQHandler</name>
         <value>0x34b3</value>
      </symbol>
      <symbol id="sm-8c8">
         <name>PORT4_IRQHandler</name>
         <value>0x34b3</value>
      </symbol>
      <symbol id="sm-8c9">
         <name>PORT5_IRQHandler</name>
         <value>0x34b3</value>
      </symbol>
      <symbol id="sm-8ca">
         <name>PORT6_IRQHandler</name>
         <value>0x34b3</value>
      </symbol>
      <symbol id="sm-8cb">
         <name>remove</name>
         <value>0x3299</value>
      </symbol>
   </symbol_table>
   <title>Link successful</title>
</link_info>
